Component: ARM Compiler 5.06 update 6 (build 750) Tool: armlink [4d35ed]

==============================================================================

Section Cross References

    startup.o(STACK) refers (Special) to heapauxi.o(.text) for __use_two_region_memory
    startup.o(HEAP) refers (Special) to heapauxi.o(.text) for __use_two_region_memory
    startup.o(RESET) refers (Special) to heapauxi.o(.text) for __use_two_region_memory
    startup.o(RESET) refers to startup.o(STACK) for StackMem
    startup.o(RESET) refers to systick.o(i.SysTick_Handler) for SysTick_Handler
    startup.o(RESET) refers to button1.o(i.GPIOPortA_Handler) for GPIOPortA_Handler
    startup.o(RESET) refers to timer0.o(i.Timer0A_Handler) for Timer0A_Handler
    startup.o(RESET) refers to timer1.o(i.Timer1A_Handler) for Timer1A_Handler
    startup.o(RESET) refers to timer2.o(i.Timer2A_Handler) for Timer2A_Handler
    startup.o(RESET) refers to button.o(i.GPIOPortF_Handler) for GPIOPortF_Handler
    startup.o(RESET) refers to __main.o(!!!main) for __main
    startup.o(.text) refers (Special) to heapauxi.o(.text) for __use_two_region_memory
    startup.o(.text) refers to startup.o(HEAP) for HeapMem
    startup.o(.text) refers to startup.o(STACK) for StackMem
    random.o(.text) refers to random.o(DATA) for M
    timer0.o(i.Timer0A_Handler) refers to timer0.o(.data) for PeriodicTask0
    timer0.o(i.Timer0_Init) refers to timer0.o(.data) for PeriodicTask0
    timer1.o(i.Timer1A_Handler) refers to game.o(i.EnemyFire) for EnemyFire
    timer1.o(i.Timer1A_Handler) refers to game.o(i.Pause) for Pause
    timer1.o(i.Timer1A_Handler) refers to timer1.o(.data) for PeriodicTask1
    timer1.o(i.Timer1_Init) refers to timer1.o(.data) for PeriodicTask1
    sound.o(i.SoundPlayer) refers to dac.o(i.DAC_Out) for DAC_Out
    sound.o(i.SoundPlayer) refers to sound.o(.data) for soundLength
    sound.o(i.Sound_EnemyDestroyed) refers to sound.o(i.Sound_Play) for Sound_Play
    sound.o(i.Sound_EnemyDestroyed) refers to sound.o(.constdata) for invaderkilled
    sound.o(i.Sound_Explosion) refers to sound.o(i.Sound_Play) for Sound_Play
    sound.o(i.Sound_Explosion) refers to sound.o(.constdata) for explosion
    sound.o(i.Sound_Init) refers to dac.o(i.DAC_Init) for DAC_Init
    sound.o(i.Sound_Init) refers to timer0.o(i.Timer0_Init) for Timer0_Init
    sound.o(i.Sound_Init) refers to sound.o(.data) for soundFlag
    sound.o(i.Sound_Init) refers to sound.o(i.SoundPlayer) for SoundPlayer
    sound.o(i.Sound_Play) refers to sound.o(.data) for current
    sound.o(i.Sound_Shoot) refers to sound.o(i.Sound_Play) for Sound_Play
    sound.o(i.Sound_Shoot) refers to sound.o(.constdata) for shoot
    sound.o(i.Sound_Victory) refers to sound.o(i.Sound_Play) for Sound_Play
    sound.o(i.Sound_Victory) refers to sound.o(.constdata) for highpitch
    print.o(.text) refers (Special) to st7735.o(i.ST7735_OutString) for ST7735_OutString
    print.o(.text) refers to st7735.o(i.ST7735_OutChar) for ST7735_OutChar
    spaceinvaders.o(i.main) refers to pll.o(i.PLL_Init) for PLL_Init
    spaceinvaders.o(i.main) refers to spaceinvaders.o(i.PortF_Init) for PortF_Init
    spaceinvaders.o(i.main) refers to sound.o(i.Sound_Init) for Sound_Init
    spaceinvaders.o(i.main) refers to adc.o(i.ADC_Init) for ADC_Init
    spaceinvaders.o(i.main) refers to button.o(i.EdgeCounter_Init) for EdgeCounter_Init
    spaceinvaders.o(i.main) refers to button1.o(i.EdgeCounterA_Init) for EdgeCounterA_Init
    spaceinvaders.o(i.main) refers to systick.o(i.SysTick_Init) for SysTick_Init
    spaceinvaders.o(i.main) refers to random.o(.text) for Random_Init
    spaceinvaders.o(i.main) refers to st7735.o(i.Output_Init) for Output_Init
    spaceinvaders.o(i.main) refers to menu.o(i.DrawMenuScreen) for DrawMenuScreen
    spaceinvaders.o(i.main) refers to menu.o(i.Menu) for Menu
    spaceinvaders.o(i.main) refers to menu.o(i.GetStatus) for GetStatus
    spaceinvaders.o(i.main) refers to st7735.o(i.ST7735_FillScreen) for ST7735_FillScreen
    spaceinvaders.o(i.main) refers to game.o(i.SpaceInvader_Init) for SpaceInvader_Init
    spaceinvaders.o(i.main) refers to button.o(i.ResetButton0) for ResetButton0
    spaceinvaders.o(i.main) refers to button1.o(i.ResetButton1) for ResetButton1
    spaceinvaders.o(i.main) refers to timer1.o(i.Timer1_Init) for Timer1_Init
    spaceinvaders.o(i.main) refers to game.o(i.SpaceInvader) for SpaceInvader
    spaceinvaders.o(i.main) refers to game.o(i.GetGameStatus) for GetGameStatus
    spaceinvaders.o(i.main) refers to game.o(i.DrawVictoryScreen) for DrawVictoryScreen
    spaceinvaders.o(i.main) refers to game.o(i.EnemyMovement) for EnemyMovement
    st7735.o(i.Output_Clear) refers to st7735.o(i.ST7735_FillScreen) for ST7735_FillScreen
    st7735.o(i.Output_Color) refers to st7735.o(i.ST7735_SetTextColor) for ST7735_SetTextColor
    st7735.o(i.Output_Init) refers to st7735.o(i.ST7735_InitR) for ST7735_InitR
[...]
    libinit.o(.ARM.Collect$$libinit$$00000000) refers (Special) to libinit2.o(.ARM.Collect$$libinit$$0000002E) for __rt_lib_init_alloca_1
    libinit.o(.ARM.Collect$$libinit$$00000000) refers (Special) to libinit2.o(.ARM.Collect$$libinit$$0000002C) for __rt_lib_init_argv_1
    libinit.o(.ARM.Collect$$libinit$$00000000) refers (Special) to libinit2.o(.ARM.Collect$$libinit$$0000001B) for __rt_lib_init_atexit_1
    libinit.o(.ARM.Collect$$libinit$$00000000) refers (Special) to libinit2.o(.ARM.Collect$$libinit$$00000021) for __rt_lib_init_clock_1
    libinit.o(.ARM.Collect$$libinit$$00000000) refers (Special) to libinit2.o(.ARM.Collect$$libinit$$00000032) for __rt_lib_init_cpp_1
    libinit.o(.ARM.Collect$$libinit$$00000000) refers (Special) to libinit2.o(.ARM.Collect$$libinit$$00000030) for __rt_lib_init_exceptions_1
    libinit.o(.ARM.Collect$$libinit$$00000000) refers (Special) to libinit2.o(.ARM.Collect$$libinit$$00000002) for __rt_lib_init_fp_1
    libinit.o(.ARM.Collect$$libinit$$00000000) refers (Special) to libinit2.o(.ARM.Collect$$libinit$$0000001F) for __rt_lib_init_fp_trap_1
    libinit.o(.ARM.Collect$$libinit$$00000000) refers (Special) to libinit2.o(.ARM.Collect$$libinit$$00000023) for __rt_lib_init_getenv_1
    libinit.o(.ARM.Collect$$libinit$$00000000) refers (Special) to libinit2.o(.ARM.Collect$$libinit$$0000000A) for __rt_lib_init_heap_1
    libinit.o(.ARM.Collect$$libinit$$00000000) refers (Special) to libinit2.o(.ARM.Collect$$libinit$$00000011) for __rt_lib_init_lc_collate_1
    libinit.o(.ARM.Collect$$libinit$$00000000) refers (Special) to libinit2.o(.ARM.Collect$$libinit$$00000013) for __rt_lib_init_lc_ctype_1
    libinit.o(.ARM.Collect$$libinit$$00000000) refers (Special) to libinit2.o(.ARM.Collect$$libinit$$00000015) for __rt_lib_init_lc_monetary_1
    libinit.o(.ARM.Collect$$libinit$$00000000) refers (Special) to libinit2.o(.ARM.Collect$$libinit$$00000017) for __rt_lib_init_lc_numeric_1
    libinit.o(.ARM.Collect$$libinit$$00000000) refers (Special) to libinit2.o(.ARM.Collect$$libinit$$00000019) for __rt_lib_init_lc_time_1
    libinit.o(.ARM.Collect$$libinit$$00000000) refers (Special) to libinit2.o(.ARM.Collect$$libinit$$00000004) for __rt_lib_init_preinit_1
    libinit.o(.ARM.Collect$$libinit$$00000000) refers (Special) to libinit2.o(.ARM.Collect$$libinit$$0000000E) for __rt_lib_init_rand_1
    libinit.o(.ARM.Collect$$libinit$$00000000) refers (Special) to libinit2.o(.ARM.Collect$$libinit$$00000033) for __rt_lib_init_return
    libinit.o(.ARM.Collect$$libinit$$00000000) refers (Special) to libinit2.o(.ARM.Collect$$libinit$$0000001D) for __rt_lib_init_signal_1
    libinit.o(.ARM.Collect$$libinit$$00000000) refers (Special) to libinit2.o(.ARM.Collect$$libinit$$00000025) for __rt_lib_init_stdio_1
    libinit.o(.ARM.Collect$$libinit$$00000000) refers (Special) to libinit2.o(.ARM.Collect$$libinit$$0000000C) for __rt_lib_init_user_alloc_1
    libspace.o(.text) refers to libspace.o(.bss) for __libspace_start
    rtexit.o(.ARM.Collect$$rtexit$$00000000) refers (Special) to rtexit2.o(.ARM.Collect$$rtexit$$00000004) for __rt_exit_exit
    rtexit.o(.ARM.Collect$$rtexit$$00000000) refers (Special) to rtexit2.o(.ARM.Collect$$rtexit$$00000003) for __rt_exit_ls
    rtexit.o(.ARM.Collect$$rtexit$$00000000) refers (Special) to rtexit2.o(.ARM.Collect$$rtexit$$00000002) for __rt_exit_prels_1
    rtexit.o(.ARM.exidx) refers (Special) to rtexit2.o(.ARM.Collect$$rtexit$$00000004) for __rt_exit_exit
    rtexit.o(.ARM.exidx) refers (Special) to rtexit2.o(.ARM.Collect$$rtexit$$00000003) for __rt_exit_ls
    rtexit.o(.ARM.exidx) refers (Special) to rtexit2.o(.ARM.Collect$$rtexit$$00000002) for __rt_exit_prels_1
    rtexit.o(.ARM.exidx) refers to rtexit.o(.ARM.Collect$$rtexit$$00000000) for .ARM.Collect$$rtexit$$00000000
    libinit2.o(.ARM.Collect$$libinit$$00000010) refers to libinit2.o(.ARM.Collect$$libinit$$0000000F) for .ARM.Collect$$libinit$$0000000F
    libinit2.o(.ARM.Collect$$libinit$$00000012) refers to libinit2.o(.ARM.Collect$$libinit$$0000000F) for .ARM.Collect$$libinit$$0000000F
    libinit2.o(.ARM.Collect$$libinit$$00000014) refers to libinit2.o(.ARM.Collect$$libinit$$0000000F) for .ARM.Collect$$libinit$$0000000F
    libinit2.o(.ARM.Collect$$libinit$$00000016) refers to libinit2.o(.ARM.Collect$$libinit$$0000000F) for .ARM.Collect$$libinit$$0000000F
    libinit2.o(.ARM.Collect$$libinit$$00000018) refers to libinit2.o(.ARM.Collect$$libinit$$0000000F) for .ARM.Collect$$libinit$$0000000F
    libinit2.o(.ARM.Collect$$libinit$$00000026) refers to argv_veneer.o(.emb_text) for __ARM_argv_veneer
    libinit2.o(.ARM.Collect$$libinit$$00000027) refers to argv_veneer.o(.emb_text) for __ARM_argv_veneer
    rtexit2.o(.ARM.Collect$$rtexit$$00000003) refers to libshutdown.o(.ARM.Collect$$libshutdown$$00000000) for __rt_lib_shutdown
    rtexit2.o(.ARM.Collect$$rtexit$$00000004) refers to sys_exit.o(.text) for _sys_exit
    rtexit2.o(.ARM.exidx) refers to rtexit2.o(.ARM.Collect$$rtexit$$00000001) for .ARM.Collect$$rtexit$$00000001
    rtexit2.o(.ARM.exidx) refers to rtexit2.o(.ARM.Collect$$rtexit$$00000003) for .ARM.Collect$$rtexit$$00000003
    rtexit2.o(.ARM.exidx) refers to rtexit2.o(.ARM.Collect$$rtexit$$00000004) for .ARM.Collect$$rtexit$$00000004
    argv_veneer.o(.emb_text) refers to no_argv.o(.text) for __ARM_get_argv
    sys_exit.o(.text) refers (Special) to use_no_semi.o(.text) for __I$use$semihosting
    sys_exit.o(.text) refers (Special) to indicate_semi.o(.text) for __semihosting_library_function
    _get_argv_nomalloc.o(.text) refers (Special) to hrguard.o(.text) for __heap_region$guard
    _get_argv_nomalloc.o(.text) refers to defsig_rtmem_outer.o(.text) for __rt_SIGRTMEM
    _get_argv_nomalloc.o(.text) refers to sys_command.o(.text) for _sys_command_string
    libshutdown.o(.ARM.Collect$$libshutdown$$00000000) refers (Special) to libshutdown2.o(.ARM.Collect$$libshutdown$$00000002) for __rt_lib_shutdown_cpp_1
    libshutdown.o(.ARM.Collect$$libshutdown$$00000000) refers (Special) to libshutdown2.o(.ARM.Collect$$libshutdown$$00000007) for __rt_lib_shutdown_fp_trap_1
    libshutdown.o(.ARM.Collect$$libshutdown$$00000000) refers (Special) to libshutdown2.o(.ARM.Collect$$libshutdown$$0000000F) for __rt_lib_shutdown_heap_1
    libshutdown.o(.ARM.Collect$$libshutdown$$00000000) refers (Special) to libshutdown2.o(.ARM.Collect$$libshutdown$$00000010) for __rt_lib_shutdown_return
    libshutdown.o(.ARM.Collect$$libshutdown$$00000000) refers (Special) to libshutdown2.o(.ARM.Collect$$libshutdown$$0000000A) for __rt_lib_shutdown_signal_1
    libshutdown.o(.ARM.Collect$$libshutdown$$00000000) refers (Special) to libshutdown2.o(.ARM.Collect$$libshutdown$$00000004) for __rt_lib_shutdown_stdio_1
    libshutdown.o(.ARM.Collect$$libshutdown$$00000000) refers (Special) to libshutdown2.o(.ARM.Collect$$libshutdown$$0000000C) for __rt_lib_shutdown_user_alloc_1
    sys_command.o(.text) refers (Special) to use_no_semi.o(.text) for __I$use$semihosting
    sys_command.o(.text) refers (Special) to indicate_semi.o(.text) for __semihosting_library_function
    defsig_rtmem_outer.o(.text) refers to defsig_rtmem_inner.o(.text) for __rt_SIGRTMEM_inner
    defsig_rtmem_outer.o(.text) refers to defsig_exit.o(.text) for __sig_exit
    defsig_rtmem_formal.o(.text) refers to rt_raise.o(.text) for __rt_raise
    rt_raise.o(.text) refers to __raise.o(.text) for __raise
    rt_raise.o(.text) refers to sys_exit.o(.text) for _sys_exit
    defsig_exit.o(.text) refers to sys_exit.o(.text) for _sys_exit
    defsig_rtmem_inner.o(.text) refers to defsig_general.o(.text) for __default_signal_display
    __raise.o(.text) refers to defsig.o(CL$$defsig) for __default_signal_handler
    defsig_general.o(.text) refers to sys_wrch.o(.text) for _ttywrch
    sys_wrch.o(.text) refers (Special) to use_no_semi.o(.text) for __I$use$semihosting
    sys_wrch.o(.text) refers (Special) to indicate_semi.o(.text) for __semihosting_library_function
    defsig.o(CL$$defsig) refers to defsig_rtmem_inner.o(.text) for __rt_SIGRTMEM_inner
    defsig_abrt_inner.o(.text) refers to defsig_general.o(.text) for __default_signal_display
    defsig_fpe_inner.o(.text) refers to defsig_general.o(.text) for __default_signal_display
    defsig_rtred_inner.o(.text) refers to defsig_general.o(.text) for __default_signal_display
    defsig_stak_inner.o(.text) refers to defsig_general.o(.text) for __default_signal_display
    defsig_pvfn_inner.o(.text) refers to defsig_general.o(.text) for __default_signal_display
    defsig_cppl_inner.o(.text) refers to defsig_general.o(.text) for __default_signal_display
    defsig_segv_inner.o(.text) refers to defsig_general.o(.text) for __default_signal_display
    defsig_other.o(.text) refers to defsig_general.o(.text) for __default_signal_display


==============================================================================

Removing Unused input sections from the image.

    Removing adc.o(i.Convert), (24 bytes).
    Removing spaceinvaders.o(i.Delay100ms), (36 bytes).
    Removing st7735.o(i.Output_Clear), (10 bytes).
    Removing st7735.o(i.Output_Color), (12 bytes).
    Removing st7735.o(i.Output_Off), (8 bytes).
    Removing st7735.o(i.Output_On), (8 bytes).
    Removing st7735.o(i.ST7735_Color565), (24 bytes).
    Removing st7735.o(i.ST7735_DrawChar), (272 bytes).
    Removing st7735.o(i.ST7735_DrawFastHLine), (124 bytes).
    Removing st7735.o(i.ST7735_DrawFastVLine), (124 bytes).
    Removing st7735.o(i.ST7735_InitB), (40 bytes).
    Removing st7735.o(i.ST7735_InvertDisplay), (22 bytes).
    Removing st7735.o(i.ST7735_OutUDec), (140 bytes).
    Removing st7735.o(i.ST7735_PlotBar), (88 bytes).
    Removing st7735.o(i.ST7735_PlotClear), (92 bytes).
    Removing st7735.o(i.ST7735_PlotLine), (264 bytes).
    Removing st7735.o(i.ST7735_PlotNext), (32 bytes).
    Removing st7735.o(i.ST7735_PlotNextErase), (64 bytes).
    Removing st7735.o(i.ST7735_PlotPoint), (152 bytes).
    Removing st7735.o(i.ST7735_PlotPoints), (172 bytes).
    Removing st7735.o(i.ST7735_PlotdBfs), (60 bytes).
    Removing st7735.o(i.ST7735_SetRotation), (212 bytes).
    Removing st7735.o(i.ST7735_SetTextColor), (12 bytes).
    Removing st7735.o(i.ST7735_SwapColor), (18 bytes).
    Removing st7735.o(i.ferror), (8 bytes).
    Removing st7735.o(i.fgetc), (6 bytes).
    Removing st7735.o(i.fillmessage), (72 bytes).
    Removing st7735.o(i.fputc), (16 bytes).
    Removing st7735.o(.bss), (12 bytes).
    Removing game.o(i.EraseLasers), (12 bytes).
    Removing game.o(i.LaserHitReg), (324 bytes).
    Removing game.o(i.SetGameStage), (12 bytes).
    Removing introstory.o(i.DrawIntroScreen), (244 bytes).
    Removing introstory.o(i.IntroScreen), (52 bytes).
    Removing timer2.o(i.TIMER2_Init), (96 bytes).

35 unused section(s) (total 2864 bytes) removed from the image.

==============================================================================

Image Symbol Table

    Local Symbols

    Symbol Name                              Value     Ov Type        Size  Object(Section)

    RESET                                    0x00000000   Section      644  startup.o(RESET)
    ../clib/angel/boardlib.s                 0x00000000   Number         0  boardinit2.o ABSOLUTE
    ../clib/angel/boardlib.s                 0x00000000   Number         0  boardinit3.o ABSOLUTE
    ../clib/angel/boardlib.s                 0x00000000   Number         0  boardshut.o ABSOLUTE
    ../clib/angel/boardlib.s                 0x00000000   Number         0  boardinit1.o ABSOLUTE
    ../clib/angel/handlers.s                 0x00000000   Number         0  __scatter_copy.o ABSOLUTE
    ../clib/angel/handlers.s                 0x00000000   Number         0  __scatter_zi.o ABSOLUTE
    ../clib/angel/kernel.s                   0x00000000   Number         0  rtexit2.o ABSOLUTE
    ../clib/angel/kernel.s                   0x00000000   Number         0  __rtentry2.o ABSOLUTE
    ../clib/angel/kernel.s                   0x00000000   Number         0  __rtentry.o ABSOLUTE
    ../clib/angel/kernel.s                   0x00000000   Number         0  rtexit.o ABSOLUTE
    ../clib/angel/kernel.s                   0x00000000   Number         0  __rtentry4.o ABSOLUTE
    ../clib/angel/rt.s                       0x00000000   Number         0  rt_raise.o ABSOLUTE
    ../clib/angel/scatter.s                  0x00000000   Number         0  __scatter.o ABSOLUTE
    ../clib/angel/startup.s                  0x00000000   Number         0  __main.o ABSOLUTE
    ../clib/angel/sys.s                      0x00000000   Number         0  sys_stackheap_outer.o ABSOLUTE
    ../clib/angel/sys.s                      0x00000000   Number         0  libspace.o ABSOLUTE
    ../clib/angel/sys.s                      0x00000000   Number         0  indicate_semi.o ABSOLUTE
    ../clib/angel/sys.s                      0x00000000   Number         0  use_no_semi.o ABSOLUTE
    ../clib/angel/sysapp.c                   0x00000000   Number         0  sys_command.o ABSOLUTE
    ../clib/angel/sysapp.c                   0x00000000   Number         0  sys_wrch.o ABSOLUTE
    ../clib/angel/sysapp.c                   0x00000000   Number         0  sys_exit.o ABSOLUTE
    ../clib/armsys.c                         0x00000000   Number         0  argv_veneer.o ABSOLUTE
    ../clib/armsys.c                         0x00000000   Number         0  no_argv.o ABSOLUTE
    ../clib/armsys.c                         0x00000000   Number         0  argv_veneer.o ABSOLUTE
    ../clib/armsys.c                         0x00000000   Number         0  _get_argv_nomalloc.o ABSOLUTE
    ../clib/heapalloc.c                      0x00000000   Number         0  hrguard.o ABSOLUTE
    ../clib/heapaux.c                        0x00000000   Number         0  heapauxi.o ABSOLUTE
    ../clib/libinit.s                        0x00000000   Number         0  libshutdown.o ABSOLUTE
    ../clib/libinit.s                        0x00000000   Number         0  libinit.o ABSOLUTE
    ../clib/libinit.s                        0x00000000   Number         0  libshutdown2.o ABSOLUTE
    ../clib/libinit.s                        0x00000000   Number         0  libinit2.o ABSOLUTE
    ../clib/signal.c                         0x00000000   Number         0  defsig_segv_inner.o ABSOLUTE
    ../clib/signal.c                         0x00000000   Number         0  defsig_rtmem_outer.o ABSOLUTE
    ../clib/signal.c                         0x00000000   Number         0  defsig_other.o ABSOLUTE
    ../clib/signal.c                         0x00000000   Number         0  defsig_general.o ABSOLUTE
    ../clib/signal.c                         0x00000000   Number         0  defsig_rtred_inner.o ABSOLUTE
    ../clib/signal.c                         0x00000000   Number         0  defsig_fpe_inner.o ABSOLUTE
    ../clib/signal.c                         0x00000000   Number         0  defsig_abrt_inner.o ABSOLUTE
    ../clib/signal.c                         0x00000000   Number         0  defsig_exit.o ABSOLUTE
    ../clib/signal.c                         0x00000000   Number         0  defsig_stak_inner.o ABSOLUTE
    ../clib/signal.c                         0x00000000   Number         0  __raise.o ABSOLUTE
    ../clib/signal.c                         0x00000000   Number         0  defsig_rtmem_inner.o ABSOLUTE
    ../clib/signal.c                         0x00000000   Number         0  defsig_pvfn_inner.o ABSOLUTE
    ../clib/signal.c                         0x00000000   Number         0  defsig_rtmem_formal.o ABSOLUTE
    ../clib/signal.c                         0x00000000   Number         0  defsig_cppl_inner.o ABSOLUTE
    ../clib/signal.s                         0x00000000   Number         0  defsig.o ABSOLUTE
    ../clib/stdlib.c                         0x00000000   Number         0  exit.o ABSOLUTE
    ../fplib/fpinit.s                        0x00000000   Number         0  fpinit.o ABSOLUTE
    ADC.c                                    0x00000000   Number         0  adc.o ABSOLUTE
    Button.c                                 0x00000000   Number         0  button.o ABSOLUTE
    Button1.c                                0x00000000   Number         0  button1.o ABSOLUTE
    DAC.c                                    0x00000000   Number         0  dac.o ABSOLUTE
    Game.c                                   0x00000000   Number         0  game.o ABSOLUTE
    IntroStory.c                             0x00000000   Number         0  introstory.o ABSOLUTE
    LCD.s                                    0x00000000   Number         0  lcd.o ABSOLUTE
    Menu.c                                   0x00000000   Number         0  menu.o ABSOLUTE
    PLL.c                                    0x00000000   Number         0  pll.o ABSOLUTE
    Print.s                                  0x00000000   Number         0  print.o ABSOLUTE
    ST7735.c                                 0x00000000   Number         0  st7735.o ABSOLUTE
    Sound.c                                  0x00000000   Number         0  sound.o ABSOLUTE
    SpaceInvaders.c                          0x00000000   Number         0  spaceinvaders.o ABSOLUTE
    SysTick.c                                0x00000000   Number         0  systick.o ABSOLUTE
    Timer0.c                                 0x00000000   Number         0  timer0.o ABSOLUTE
    Timer1.c                                 0x00000000   Number         0  timer1.o ABSOLUTE
    Timer2.c                                 0x00000000   Number         0  timer2.o ABSOLUTE
    dc.s                                     0x00000000   Number         0  dc.o ABSOLUTE
    random.s                                 0x00000000   Number         0  random.o ABSOLUTE
    startup.s                                0x00000000   Number         0  startup.o ABSOLUTE
    !!!main                                  0x00000284   Section        8  __main.o(!!!main)
    !!!scatter                               0x0000028c   Section       52  __scatter.o(!!!scatter)
    !!handler_copy                           0x000002c0   Section       26  __scatter_copy.o(!!handler_copy)
    !!handler_zi                             0x000002dc   Section       28  __scatter_zi.o(!!handler_zi)
    .ARM.Collect$$libinit$$00000000          0x000002f8   Section        2  libinit.o(.ARM.Collect$$libinit$$00000000)
    .ARM.Collect$$libinit$$00000002          0x000002fa   Section        0  libinit2.o(.ARM.Collect$$libinit$$00000002)
    .ARM.Collect$$libinit$$00000004          0x000002fa   Section        0  libinit2.o(.ARM.Collect$$libinit$$00000004)
    .ARM.Collect$$libinit$$0000000A          0x000002fa   Section        0  libinit2.o(.ARM.Collect$$libinit$$0000000A)
    .ARM.Collect$$libinit$$0000000C          0x000002fa   Section        0  libinit2.o(.ARM.Collect$$libinit$$0000000C)
    .ARM.Collect$$libinit$$0000000E          0x000002fa   Section        0  libinit2.o(.ARM.Collect$$libinit$$0000000E)
    .ARM.Collect$$libinit$$00000011          0x000002fa   Section        0  libinit2.o(.ARM.Collect$$libinit$$00000011)
    .ARM.Collect$$libinit$$00000013          0x000002fa   Section        0  libinit2.o(.ARM.Collect$$libinit$$00000013)
    .ARM.Collect$$libinit$$00000015          0x000002fa   Section        0  libinit2.o(.ARM.Collect$$libinit$$00000015)
    .ARM.Collect$$libinit$$00000017          0x000002fa   Section        0  libinit2.o(.ARM.Collect$$libinit$$00000017)
    .ARM.Collect$$libinit$$00000019          0x000002fa   Section        0  libinit2.o(.ARM.Collect$$libinit$$00000019)
    .ARM.Collect$$libinit$$0000001B          0x000002fa   Section        0  libinit2.o(.ARM.Collect$$libinit$$0000001B)
    .ARM.Collect$$libinit$$0000001D          0x000002fa   Section        0  libinit2.o(.ARM.Collect$$libinit$$0000001D)
    .ARM.Collect$$libinit$$0000001F          0x000002fa   Section        0  libinit2.o(.ARM.Collect$$libinit$$0000001F)
    .ARM.Collect$$libinit$$00000021          0x000002fa   Section        0  libinit2.o(.ARM.Collect$$libinit$$00000021)
    .ARM.Collect$$libinit$$00000023          0x000002fa   Section        0  libinit2.o(.ARM.Collect$$libinit$$00000023)
    .ARM.Collect$$libinit$$00000025          0x000002fa   Section        0  libinit2.o(.ARM.Collect$$libinit$$00000025)
    .ARM.Collect$$libinit$$0000002C          0x000002fa   Section        0  libinit2.o(.ARM.Collect$$libinit$$0000002C)
    .ARM.Collect$$libinit$$0000002E          0x000002fa   Section        0  libinit2.o(.ARM.Collect$$libinit$$0000002E)
    .ARM.Collect$$libinit$$00000030          0x000002fa   Section        0  libinit2.o(.ARM.Collect$$libinit$$00000030)
    .ARM.Collect$$libinit$$00000032          0x000002fa   Section        0  libinit2.o(.ARM.Collect$$libinit$$00000032)
    .ARM.Collect$$libinit$$00000033          0x000002fa   Section        2  libinit2.o(.ARM.Collect$$libinit$$00000033)
    .ARM.Collect$$libshutdown$$00000000      0x000002fc   Section        2  libshutdown.o(.ARM.Collect$$libshutdown$$00000000)
    .ARM.Collect$$libshutdown$$00000002      0x000002fe   Section        0  libshutdown2.o(.ARM.Collect$$libshutdown$$00000002)
    .ARM.Collect$$libshutdown$$00000004      0x000002fe   Section        0  libshutdown2.o(.ARM.Collect$$libshutdown$$00000004)
    .ARM.Collect$$libshutdown$$00000007      0x000002fe   Section        0  libshutdown2.o(.ARM.Collect$$libshutdown$$00000007)
    .ARM.Collect$$libshutdown$$0000000A      0x000002fe   Section        0  libshutdown2.o(.ARM.Collect$$libshutdown$$0000000A)
    .ARM.Collect$$libshutdown$$0000000C      0x000002fe   Section        0  libshutdown2.o(.ARM.Collect$$libshutdown$$0000000C)
    .ARM.Collect$$libshutdown$$0000000F      0x000002fe   Section        0  libshutdown2.o(.ARM.Collect$$libshutdown$$0000000F)
    .ARM.Collect$$libshutdown$$00000010      0x000002fe   Section        2  libshutdown2.o(.ARM.Collect$$libshutdown$$00000010)
    .ARM.Collect$$rtentry$$00000000          0x00000300   Section        0  __rtentry.o(.ARM.Collect$$rtentry$$00000000)
    .ARM.Collect$$rtentry$$00000002          0x00000300   Section        0  __rtentry2.o(.ARM.Collect$$rtentry$$00000002)
    .ARM.Collect$$rtentry$$00000004          0x00000300   Section        6  __rtentry4.o(.ARM.Collect$$rtentry$$00000004)
    .ARM.Collect$$rtentry$$00000009          0x00000306   Section        0  __rtentry2.o(.ARM.Collect$$rtentry$$00000009)
    .ARM.Collect$$rtentry$$0000000A          0x00000306   Section        4  __rtentry2.o(.ARM.Collect$$rtentry$$0000000A)
    .ARM.Collect$$rtentry$$0000000C          0x0000030a   Section        0  __rtentry2.o(.ARM.Collect$$rtentry$$0000000C)
    .ARM.Collect$$rtentry$$0000000D          0x0000030a   Section        8  __rtentry2.o(.ARM.Collect$$rtentry$$0000000D)
    .ARM.Collect$$rtexit$$00000000           0x00000312   Section        2  rtexit.o(.ARM.Collect$$rtexit$$00000000)
    .ARM.Collect$$rtexit$$00000002           0x00000314   Section        0  rtexit2.o(.ARM.Collect$$rtexit$$00000002)
    .ARM.Collect$$rtexit$$00000003           0x00000314   Section        4  rtexit2.o(.ARM.Collect$$rtexit$$00000003)
    .ARM.Collect$$rtexit$$00000004           0x00000318   Section        6  rtexit2.o(.ARM.Collect$$rtexit$$00000004)
    .text                                    0x00000320   Section       48  startup.o(.text)
    .text                                    0x00000350   Section       60  random.o(.text)
    .text                                    0x0000038c   Section       80  lcd.o(.text)
    .text                                    0x000003dc   Section      616  print.o(.text)
    .text                                    0x00000644   Section        0  heapauxi.o(.text)
    .text                                    0x0000064a   Section       74  sys_stackheap_outer.o(.text)
    .text                                    0x00000694   Section        0  exit.o(.text)
    .text                                    0x000006a8   Section        8  libspace.o(.text)
    .text                                    0x000006b0   Section        0  sys_exit.o(.text)
    .text                                    0x000006bc   Section        2  use_no_semi.o(.text)
    .text                                    0x000006be   Section        0  indicate_semi.o(.text)
    i.ADC_In                                 0x000006c0   Section        0  adc.o(i.ADC_In)
    i.ADC_Init                               0x000006ec   Section        0  adc.o(i.ADC_Init)
    i.BunkerEnemyHitReg                      0x000007ec   Section        0  game.o(i.BunkerEnemyHitReg)
    i.BunkerPlayerHitReg                     0x000008e4   Section        0  game.o(i.BunkerPlayerHitReg)
    i.Button0Press                           0x000009c4   Section        0  button.o(i.Button0Press)
    i.Button1Press                           0x000009d0   Section        0  button1.o(i.Button1Press)
    i.DAC_Init                               0x000009dc   Section        0  dac.o(i.DAC_Init)
    i.DAC_Out                                0x00000a40   Section        0  dac.o(i.DAC_Out)
    i.Delay1ms                               0x00000a4c   Section        0  st7735.o(i.Delay1ms)
    i.Draw                                   0x00000a6c   Section        0  game.o(i.Draw)
    i.DrawBunker                             0x00000a84   Section        0  game.o(i.DrawBunker)
    i.DrawControlsScreen                     0x00000b10   Section        0  menu.o(i.DrawControlsScreen)
    i.DrawEnemy                              0x00000bec   Section        0  game.o(i.DrawEnemy)
    i.DrawEnemyLaser                         0x00000cb8   Section        0  game.o(i.DrawEnemyLaser)
    i.DrawGameOverScreen                     0x00000d08   Section        0  game.o(i.DrawGameOverScreen)
    i.DrawMenuScreen                         0x00000d68   Section        0  menu.o(i.DrawMenuScreen)
    i.DrawPauseScreen                        0x00000dec   Section        0  game.o(i.DrawPauseScreen)
    i.DrawPlayer                             0x00000e6c   Section        0  game.o(i.DrawPlayer)
    i.DrawPlayerLaser                        0x00000edc   Section        0  game.o(i.DrawPlayerLaser)
    i.DrawVictoryScreen                      0x00000f2c   Section        0  game.o(i.DrawVictoryScreen)
    i.EdgeCounterA_Init                      0x00000f9c   Section        0  button1.o(i.EdgeCounterA_Init)
    i.EdgeCounter_Init                       0x00001070   Section        0  button.o(i.EdgeCounter_Init)
    i.EnemyFire                              0x00001148   Section        0  game.o(i.EnemyFire)
    i.EnemyHitReg                            0x00001210   Section        0  game.o(i.EnemyHitReg)
    i.EnemyLaserMove                         0x0000136c   Section        0  game.o(i.EnemyLaserMove)
    i.EnemyMoveDown                          0x00001414   Section        0  game.o(i.EnemyMoveDown)
    i.EnemyMoveLeft                          0x0000146c   Section        0  game.o(i.EnemyMoveLeft)
    i.EnemyMoveRight                         0x00001494   Section        0  game.o(i.EnemyMoveRight)
    i.EnemyMovement                          0x000014bc   Section        0  game.o(i.EnemyMovement)
    i.GPIOPortA_Handler                      0x00001550   Section        0  button1.o(i.GPIOPortA_Handler)
    i.GPIOPortF_Handler                      0x0000156c   Section        0  button.o(i.GPIOPortF_Handler)
    i.GameOver                               0x00001590   Section        0  game.o(i.GameOver)
    i.GetGameStatus                          0x000015a4   Section        0  game.o(i.GetGameStatus)
    i.GetStatus                              0x000015b0   Section        0  menu.o(i.GetStatus)
    i.HitReg                                 0x000015bc   Section        0  game.o(i.HitReg)
    i.Menu                                   0x000015d0   Section        0  menu.o(i.Menu)
    i.Movement                               0x00001614   Section        0  game.o(i.Movement)
    i.Output_Init                            0x00001624   Section        0  st7735.o(i.Output_Init)
    i.PLL_Init                               0x00001634   Section        0  pll.o(i.PLL_Init)
    i.Pause                                  0x000016b0   Section        0  game.o(i.Pause)
    i.PlayerFire                             0x000016f0   Section        0  game.o(i.PlayerFire)
    i.PlayerHitReg                           0x0000176c   Section        0  game.o(i.PlayerHitReg)
    i.PlayerLaserMove                        0x00001840   Section        0  game.o(i.PlayerLaserMove)
    i.PlayerXMove                            0x000018d8   Section        0  game.o(i.PlayerXMove)
    i.PortF_Init                             0x00001968   Section        0  spaceinvaders.o(i.PortF_Init)
    i.RandomNumber                           0x000019cc   Section        0  game.o(i.RandomNumber)
    i.ResetButton0                           0x000019ec   Section        0  button.o(i.ResetButton0)
    i.ResetButton1                           0x000019f8   Section        0  button1.o(i.ResetButton1)
    i.ST7735_DrawBitmap                      0x00001a04   Section        0  st7735.o(i.ST7735_DrawBitmap)
    i.ST7735_DrawCharS                       0x00001b24   Section        0  st7735.o(i.ST7735_DrawCharS)
    i.ST7735_DrawPixel                       0x00001c1c   Section        0  st7735.o(i.ST7735_DrawPixel)
    i.ST7735_DrawString                      0x00001c64   Section        0  st7735.o(i.ST7735_DrawString)
    i.ST7735_FillRect                        0x00001cbc   Section        0  st7735.o(i.ST7735_FillRect)
    i.ST7735_FillScreen                      0x00001d68   Section        0  st7735.o(i.ST7735_FillScreen)
    i.ST7735_InitR                           0x00001d8c   Section        0  st7735.o(i.ST7735_InitR)
    i.ST7735_OutChar                         0x00001e08   Section        0  st7735.o(i.ST7735_OutChar)
    i.ST7735_OutString                       0x00001edc   Section        0  st7735.o(i.ST7735_OutString)
    i.ST7735_SetCursor                       0x00001ef4   Section        0  st7735.o(i.ST7735_SetCursor)
    i.SoundPlayer                            0x00001f14   Section        0  sound.o(i.SoundPlayer)
    i.Sound_EnemyDestroyed                   0x00001f9c   Section        0  sound.o(i.Sound_EnemyDestroyed)
    i.Sound_Explosion                        0x00001fb0   Section        0  sound.o(i.Sound_Explosion)
    i.Sound_Init                             0x00001fc4   Section        0  sound.o(i.Sound_Init)
    i.Sound_Play                             0x00001ff4   Section        0  sound.o(i.Sound_Play)
    i.Sound_Shoot                            0x0000201c   Section        0  sound.o(i.Sound_Shoot)
    i.Sound_Victory                          0x00002030   Section        0  sound.o(i.Sound_Victory)
    i.SpaceInvader                           0x00002044   Section        0  game.o(i.SpaceInvader)
    i.SpaceInvader_Init                      0x0000205c   Section        0  game.o(i.SpaceInvader_Init)
    i.SysTick_Handler                        0x00002298   Section        0  systick.o(i.SysTick_Handler)
    i.SysTick_Init                           0x0000229c   Section        0  systick.o(i.SysTick_Init)
    i.Timer0A_Handler                        0x000022c0   Section        0  timer0.o(i.Timer0A_Handler)
    i.Timer0_Init                            0x000022d8   Section        0  timer0.o(i.Timer0_Init)
    i.Timer1A_Handler                        0x00002338   Section        0  timer1.o(i.Timer1A_Handler)
    i.Timer1_Init                            0x00002358   Section        0  timer1.o(i.Timer1_Init)
    i.Timer2A_Handler                        0x000023b8   Section        0  timer2.o(i.Timer2A_Handler)
    i.UpdateScore                            0x000023d0   Section        0  game.o(i.UpdateScore)
    i.Victory                                0x000023f4   Section        0  game.o(i.Victory)
    i.commandList                            0x0000240c   Section        0  st7735.o(i.commandList)
    commandList                              0x0000240d   Thumb Code    86  st7735.o(i.commandList)
    i.commonInit                             0x00002464   Section        0  st7735.o(i.commonInit)
    commonInit                               0x00002465   Thumb Code   342  st7735.o(i.commonInit)
    i.main                                   0x000025ec   Section        0  spaceinvaders.o(i.main)
    i.pushColor                              0x00002674   Section        0  st7735.o(i.pushColor)
    pushColor                                0x00002675   Thumb Code    18  st7735.o(i.pushColor)
    i.setAddrWindow                          0x00002688   Section        0  st7735.o(i.setAddrWindow)
    setAddrWindow                            0x00002689   Thumb Code   106  st7735.o(i.setAddrWindow)
    .constdata                               0x000026fc   Section    12625  sound.o(.constdata)
    .constdata                               0x0000584d   Section     2018  st7735.o(.constdata)
    Font                                     0x0000584d   Data        1275  st7735.o(.constdata)
    Bcmd                                     0x00005d48   Data         103  st7735.o(.constdata)
    Rcmd1                                    0x00005daf   Data          59  st7735.o(.constdata)
    Rcmd2green                               0x00005dea   Data          13  st7735.o(.constdata)
    Rcmd2red                                 0x00005df7   Data          13  st7735.o(.constdata)
    Rcmd3                                    0x00005e04   Data          43  st7735.o(.constdata)
    .constdata                               0x00006030   Section     3784  game.o(.constdata)
    .data                                    0x20000000   Section        4  timer0.o(.data)
    .data                                    0x20000004   Section        4  timer1.o(.data)
    .data                                    0x20000008   Section       20  sound.o(.data)
    .data                                    0x2000001c   Section       44  st7735.o(.data)
    ColStart                                 0x20000026   Data           1  st7735.o(.data)
    RowStart                                 0x20000027   Data           1  st7735.o(.data)
    Rotation                                 0x20000028   Data           1  st7735.o(.data)
    TabColor                                 0x20000029   Data           1  st7735.o(.data)
    _width                                   0x2000002a   Data           2  st7735.o(.data)
    _height                                  0x2000002c   Data           2  st7735.o(.data)
    .data                                    0x20000048   Section        4  button.o(.data)
    .data                                    0x2000004c   Section       56  game.o(.data)
    .data                                    0x20000084   Section        4  button1.o(.data)
    .data                                    0x20000088   Section        4  menu.o(.data)
    .data                                    0x2000008c   Section        4  timer2.o(.data)
    DATA                                     0x20000090   Section        4  random.o(DATA)
    M                                        0x20000090   Data           4  random.o(DATA)
    .bss                                     0x20000094   Section      768  game.o(.bss)
    .bss                                     0x20000394   Section       96  libspace.o(.bss)
    HEAP                                     0x200003f8   Section        0  startup.o(HEAP)
    STACK                                    0x200003f8   Section     1024  startup.o(STACK)
    HeapMem                                  0x200003f8   Data           0  startup.o(HEAP)
    StackMem                                 0x200003f8   Data           0  startup.o(STACK)

    Global Symbols

    Symbol Name                              Value     Ov Type        Size  Object(Section)

    BuildAttributes$$THM_ISAv4$E$P$D$K$B$S$7EM$PE$A:L22UL41UL21$X:L11$S22US41US21$IEEE1$IW$USESV6$~STKCKD$USESV7$~SHL$OSPACE$ROPI$EBA8$UX$STANDARDLIB$REQ8$PRES8$EABIv2 0x00000000   Number         0  anon$$obj.o ABSOLUTE
    __ARM_use_no_argv                        0x00000000   Number         0  spaceinvaders.o ABSOLUTE
    __Vectors                                0x00000000   Data           0  startup.o(RESET)
    __ARM_exceptions_init                     - Undefined Weak Reference
    __alloca_initialize                       - Undefined Weak Reference
    __arm_preinit_                            - Undefined Weak Reference
    __cpp_initialize__aeabi_                  - Undefined Weak Reference
    __cxa_finalize                            - Undefined Weak Reference
    __rt_locale                               - Undefined Weak Reference
    __sigvec_lookup                           - Undefined Weak Reference
    _atexit_init                              - Undefined Weak Reference
    _call_atexit_fns                          - Undefined Weak Reference
    _clock_init                               - Undefined Weak Reference
    _fp_trap_init                             - Undefined Weak Reference
    _fp_trap_shutdown                         - Undefined Weak Reference
    _get_lc_collate                           - Undefined Weak Reference
    _get_lc_ctype                             - Undefined Weak Reference
    _get_lc_monetary                          - Undefined Weak Reference
    _get_lc_numeric                           - Undefined Weak Reference
    _get_lc_time                              - Undefined Weak Reference
    _getenv_init                              - Undefined Weak Reference
    _handle_redirection                       - Undefined Weak Reference
    _init_alloc                               - Undefined Weak Reference
    _init_user_alloc                          - Undefined Weak Reference
    _initio                                   - Undefined Weak Reference
    _rand_init                                - Undefined Weak Reference
    _signal_finish                            - Undefined Weak Reference
    _signal_init                              - Undefined Weak Reference
    _terminate_alloc                          - Undefined Weak Reference
    _terminate_user_alloc                     - Undefined Weak Reference
    _terminateio                              - Undefined Weak Reference
    Reset_Handler                            0x0000026d   Thumb Code     0  startup.o(RESET)
    NMI_Handler                              0x00000271   Thumb Code     2  startup.o(RESET)
    HardFault_Handler                        0x00000273   Thumb Code     2  startup.o(RESET)
    MemManage_Handler                        0x00000275   Thumb Code     2  startup.o(RESET)
    BusFault_Handler                         0x00000277   Thumb Code     2  startup.o(RESET)
    UsageFault_Handler                       0x00000279   Thumb Code     2  startup.o(RESET)
    SVC_Handler                              0x0000027b   Thumb Code     2  startup.o(RESET)
    DebugMon_Handler                         0x0000027d   Thumb Code     2  startup.o(RESET)
    PendSV_Handler                           0x0000027f   Thumb Code     2  startup.o(RESET)
    ADC0Seq0_Handler                         0x00000283   Thumb Code     0  startup.o(RESET)
    ADC0Seq1_Handler                         0x00000283   Thumb Code     0  startup.o(RESET)
    ADC0Seq2_Handler                         0x00000283   Thumb Code     0  startup.o(RESET)
    ADC0Seq3_Handler                         0x00000283   Thumb Code     0  startup.o(RESET)
    ADC1Seq0_Handler                         0x00000283   Thumb Code     0  startup.o(RESET)
    ADC1Seq1_Handler                         0x00000283   Thumb Code     0  startup.o(RESET)
    ADC1Seq2_Handler                         0x00000283   Thumb Code     0  startup.o(RESET)
    ADC1Seq3_Handler                         0x00000283   Thumb Code     0  startup.o(RESET)
    CAN0_Handler                             0x00000283   Thumb Code     0  startup.o(RESET)
    CAN1_Handler                             0x00000283   Thumb Code     0  startup.o(RESET)
    CAN2_Handler                             0x00000283   Thumb Code     0  startup.o(RESET)
    Comp0_Handler                            0x00000283   Thumb Code     0  startup.o(RESET)
    Comp1_Handler                            0x00000283   Thumb Code     0  startup.o(RESET)
    Comp2_Handler                            0x00000283   Thumb Code     0  startup.o(RESET)
    Ethernet_Handler                         0x00000283   Thumb Code     0  startup.o(RESET)
    ExtBus_Handler                           0x00000283   Thumb Code     0  startup.o(RESET)
    FPU_Handler                              0x00000283   Thumb Code     0  startup.o(RESET)
    Fan0_Handler                             0x00000283   Thumb Code     0  startup.o(RESET)
    FlashCtl_Handler                         0x00000283   Thumb Code     0  startup.o(RESET)
    GPIOPortB_Handler                        0x00000283   Thumb Code     0  startup.o(RESET)
    GPIOPortC_Handler                        0x00000283   Thumb Code     0  startup.o(RESET)
    GPIOPortD_Handler                        0x00000283   Thumb Code     0  startup.o(RESET)
    GPIOPortE_Handler                        0x00000283   Thumb Code     0  startup.o(RESET)
    GPIOPortG_Handler                        0x00000283   Thumb Code     0  startup.o(RESET)
    GPIOPortH_Handler                        0x00000283   Thumb Code     0  startup.o(RESET)
    GPIOPortJ_Handler                        0x00000283   Thumb Code     0  startup.o(RESET)
    GPIOPortK_Handler                        0x00000283   Thumb Code     0  startup.o(RESET)
    GPIOPortL_Handler                        0x00000283   Thumb Code     0  startup.o(RESET)
    GPIOPortM_Handler                        0x00000283   Thumb Code     0  startup.o(RESET)
    GPIOPortN_Handler                        0x00000283   Thumb Code     0  startup.o(RESET)
    GPIOPortP1_Handler                       0x00000283   Thumb Code     0  startup.o(RESET)
    GPIOPortP2_Handler                       0x00000283   Thumb Code     0  startup.o(RESET)
    GPIOPortP3_Handler                       0x00000283   Thumb Code     0  startup.o(RESET)
    GPIOPortP4_Handler                       0x00000283   Thumb Code     0  startup.o(RESET)
    GPIOPortP5_Handler                       0x00000283   Thumb Code     0  startup.o(RESET)
    GPIOPortP6_Handler                       0x00000283   Thumb Code     0  startup.o(RESET)
    GPIOPortP7_Handler                       0x00000283   Thumb Code     0  startup.o(RESET)
    GPIOPortP_Handler                        0x00000283   Thumb Code     0  startup.o(RESET)
    GPIOPortQ1_Handler                       0x00000283   Thumb Code     0  startup.o(RESET)
    GPIOPortQ2_Handler                       0x00000283   Thumb Code     0  startup.o(RESET)
    GPIOPortQ3_Handler                       0x00000283   Thumb Code     0  startup.o(RESET)
    GPIOPortQ4_Handler                       0x00000283   Thumb Code     0  startup.o(RESET)
    GPIOPortQ5_Handler                       0x00000283   Thumb Code     0  startup.o(RESET)
    GPIOPortQ6_Handler                       0x00000283   Thumb Code     0  startup.o(RESET)
    GPIOPortQ7_Handler                       0x00000283   Thumb Code     0  startup.o(RESET)
    GPIOPortQ_Handler                        0x00000283   Thumb Code     0  startup.o(RESET)
    GPIOPortR_Handler                        0x00000283   Thumb Code     0  startup.o(RESET)
    GPIOPortS_Handler                        0x00000283   Thumb Code     0  startup.o(RESET)
    Hibernate_Handler                        0x00000283   Thumb Code     0  startup.o(RESET)
    I2C0_Handler                             0x00000283   Thumb Code     0  startup.o(RESET)
    I2C1_Handler                             0x00000283   Thumb Code     0  startup.o(RESET)
    I2C2_Handler                             0x00000283   Thumb Code     0  startup.o(RESET)
    I2C3_Handler                             0x00000283   Thumb Code     0  startup.o(RESET)
    I2C4_Handler                             0x00000283   Thumb Code     0  startup.o(RESET)
    I2C5_Handler                             0x00000283   Thumb Code     0  startup.o(RESET)
    I2S0_Handler                             0x00000283   Thumb Code     0  startup.o(RESET)
    LPC0_Handler                             0x00000283   Thumb Code     0  startup.o(RESET)
    PECI0_Handler                            0x00000283   Thumb Code     0  startup.o(RESET)
    PWM0Fault_Handler                        0x00000283   Thumb Code     0  startup.o(RESET)
    PWM0Generator0_Handler                   0x00000283   Thumb Code     0  startup.o(RESET)
    PWM0Generator1_Handler                   0x00000283   Thumb Code     0  startup.o(RESET)
    PWM0Generator2_Handler                   0x00000283   Thumb Code     0  startup.o(RESET)
    PWM0Generator3_Handler                   0x00000283   Thumb Code     0  startup.o(RESET)
    PWM1Fault_Handler                        0x00000283   Thumb Code     0  startup.o(RESET)
    PWM1Generator0_Handler                   0x00000283   Thumb Code     0  startup.o(RESET)
    PWM1Generator1_Handler                   0x00000283   Thumb Code     0  startup.o(RESET)
    PWM1Generator2_Handler                   0x00000283   Thumb Code     0  startup.o(RESET)
    PWM1Generator3_Handler                   0x00000283   Thumb Code     0  startup.o(RESET)
    Quadrature0_Handler                      0x00000283   Thumb Code     0  startup.o(RESET)
    Quadrature1_Handler                      0x00000283   Thumb Code     0  startup.o(RESET)
    Quadrature2_Handler                      0x00000283   Thumb Code     0  startup.o(RESET)
    SSI0_Handler                             0x00000283   Thumb Code     0  startup.o(RESET)
    SSI1_Handler                             0x00000283   Thumb Code     0  startup.o(RESET)
    SSI2_Handler                             0x00000283   Thumb Code     0  startup.o(RESET)
    SSI3_Handler                             0x00000283   Thumb Code     0  startup.o(RESET)
    SysCtl_Handler                           0x00000283   Thumb Code     0  startup.o(RESET)
    Timer0B_Handler                          0x00000283   Thumb Code     0  startup.o(RESET)
    Timer1B_Handler                          0x00000283   Thumb Code     0  startup.o(RESET)
    Timer2B_Handler                          0x00000283   Thumb Code     0  startup.o(RESET)
    Timer3A_Handler                          0x00000283   Thumb Code     0  startup.o(RESET)
    Timer3B_Handler                          0x00000283   Thumb Code     0  startup.o(RESET)
    Timer4A_Handler                          0x00000283   Thumb Code     0  startup.o(RESET)
    Timer4B_Handler                          0x00000283   Thumb Code     0  startup.o(RESET)
    Timer5A_Handler                          0x00000283   Thumb Code     0  startup.o(RESET)
    Timer5B_Handler                          0x00000283   Thumb Code     0  startup.o(RESET)
    UART0_Handler                            0x00000283   Thumb Code     0  startup.o(RESET)
    UART1_Handler                            0x00000283   Thumb Code     0  startup.o(RESET)
    UART2_Handler                            0x00000283   Thumb Code     0  startup.o(RESET)
    UART3_Handler                            0x00000283   Thumb Code     0  startup.o(RESET)
    UART4_Handler                            0x00000283   Thumb Code     0  startup.o(RESET)
    UART5_Handler                            0x00000283   Thumb Code     0  startup.o(RESET)
    UART6_Handler                            0x00000283   Thumb Code     0  startup.o(RESET)
    UART7_Handler                            0x00000283   Thumb Code     0  startup.o(RESET)
    USB0_Handler                             0x00000283   Thumb Code     0  startup.o(RESET)
    WDT_Handler                              0x00000283   Thumb Code     0  startup.o(RESET)
    WideTimer0A_Handler                      0x00000283   Thumb Code     0  startup.o(RESET)
    WideTimer0B_Handler                      0x00000283   Thumb Code     0  startup.o(RESET)
    WideTimer1A_Handler                      0x00000283   Thumb Code     0  startup.o(RESET)
    WideTimer1B_Handler                      0x00000283   Thumb Code     0  startup.o(RESET)
    WideTimer2A_Handler                      0x00000283   Thumb Code     0  startup.o(RESET)
    WideTimer2B_Handler                      0x00000283   Thumb Code     0  startup.o(RESET)
    WideTimer3A_Handler                      0x00000283   Thumb Code     0  startup.o(RESET)
    WideTimer3B_Handler                      0x00000283   Thumb Code     0  startup.o(RESET)
    WideTimer4A_Handler                      0x00000283   Thumb Code     0  startup.o(RESET)
    WideTimer4B_Handler                      0x00000283   Thumb Code     0  startup.o(RESET)
    WideTimer5A_Handler                      0x00000283   Thumb Code     0  startup.o(RESET)
    WideTimer5B_Handler                      0x00000283   Thumb Code     0  startup.o(RESET)
    uDMA_Error                               0x00000283   Thumb Code     0  startup.o(RESET)
    uDMA_Handler                             0x00000283   Thumb Code     0  startup.o(RESET)
    __main                                   0x00000285   Thumb Code     8  __main.o(!!!main)
    __scatterload                            0x0000028d   Thumb Code     0  __scatter.o(!!!scatter)
    __scatterload_rt2                        0x0000028d   Thumb Code    44  __scatter.o(!!!scatter)
    __scatterload_rt2_thumb_only             0x0000028d   Thumb Code     0  __scatter.o(!!!scatter)
    __scatterload_null                       0x0000029b   Thumb Code     0  __scatter.o(!!!scatter)
    __scatterload_copy                       0x000002c1   Thumb Code    26  __scatter_copy.o(!!handler_copy)
    __scatterload_zeroinit                   0x000002dd   Thumb Code    28  __scatter_zi.o(!!handler_zi)
    __rt_lib_init                            0x000002f9   Thumb Code     0  libinit.o(.ARM.Collect$$libinit$$00000000)
    __rt_lib_init_alloca_1                   0x000002fb   Thumb Code     0  libinit2.o(.ARM.Collect$$libinit$$0000002E)
    __rt_lib_init_argv_1                     0x000002fb   Thumb Code     0  libinit2.o(.ARM.Collect$$libinit$$0000002C)
    __rt_lib_init_atexit_1                   0x000002fb   Thumb Code     0  libinit2.o(.ARM.Collect$$libinit$$0000001B)
    __rt_lib_init_clock_1                    0x000002fb   Thumb Code     0  libinit2.o(.ARM.Collect$$libinit$$00000021)
    __rt_lib_init_cpp_1                      0x000002fb   Thumb Code     0  libinit2.o(.ARM.Collect$$libinit$$00000032)
    __rt_lib_init_exceptions_1               0x000002fb   Thumb Code     0  libinit2.o(.ARM.Collect$$libinit$$00000030)
    __rt_lib_init_fp_1                       0x000002fb   Thumb Code     0  libinit2.o(.ARM.Collect$$libinit$$00000002)
    __rt_lib_init_fp_trap_1                  0x000002fb   Thumb Code     0  libinit2.o(.ARM.Collect$$libinit$$0000001F)
    __rt_lib_init_getenv_1                   0x000002fb   Thumb Code     0  libinit2.o(.ARM.Collect$$libinit$$00000023)
    __rt_lib_init_heap_1                     0x000002fb   Thumb Code     0  libinit2.o(.ARM.Collect$$libinit$$0000000A)
    __rt_lib_init_lc_collate_1               0x000002fb   Thumb Code     0  libinit2.o(.ARM.Collect$$libinit$$00000011)
    __rt_lib_init_lc_ctype_1                 0x000002fb   Thumb Code     0  libinit2.o(.ARM.Collect$$libinit$$00000013)
    __rt_lib_init_lc_monetary_1              0x000002fb   Thumb Code     0  libinit2.o(.ARM.Collect$$libinit$$00000015)
    __rt_lib_init_lc_numeric_1               0x000002fb   Thumb Code     0  libinit2.o(.ARM.Collect$$libinit$$00000017)
    __rt_lib_init_lc_time_1                  0x000002fb   Thumb Code     0  libinit2.o(.ARM.Collect$$libinit$$00000019)
    __rt_lib_init_preinit_1                  0x000002fb   Thumb Code     0  libinit2.o(.ARM.Collect$$libinit$$00000004)
    __rt_lib_init_rand_1                     0x000002fb   Thumb Code     0  libinit2.o(.ARM.Collect$$libinit$$0000000E)
    __rt_lib_init_return                     0x000002fb   Thumb Code     0  libinit2.o(.ARM.Collect$$libinit$$00000033)
    __rt_lib_init_signal_1                   0x000002fb   Thumb Code     0  libinit2.o(.ARM.Collect$$libinit$$0000001D)
    __rt_lib_init_stdio_1                    0x000002fb   Thumb Code     0  libinit2.o(.ARM.Collect$$libinit$$00000025)
    __rt_lib_init_user_alloc_1               0x000002fb   Thumb Code     0  libinit2.o(.ARM.Collect$$libinit$$0000000C)
    __rt_lib_shutdown                        0x000002fd   Thumb Code     0  libshutdown.o(.ARM.Collect$$libshutdown$$00000000)
    __rt_lib_shutdown_cpp_1                  0x000002ff   Thumb Code     0  libshutdown2.o(.ARM.Collect$$libshutdown$$00000002)
    __rt_lib_shutdown_fp_trap_1              0x000002ff   Thumb Code     0  libshutdown2.o(.ARM.Collect$$libshutdown$$00000007)
    __rt_lib_shutdown_heap_1                 0x000002ff   Thumb Code     0  libshutdown2.o(.ARM.Collect$$libshutdown$$0000000F)
    __rt_lib_shutdown_return                 0x000002ff   Thumb Code     0  libshutdown2.o(.ARM.Collect$$libshutdown$$00000010)
    __rt_lib_shutdown_signal_1               0x000002ff   Thumb Code     0  libshutdown2.o(.ARM.Collect$$libshutdown$$0000000A)
    __rt_lib_shutdown_stdio_1                0x000002ff   Thumb Code     0  libshutdown2.o(.ARM.Collect$$libshutdown$$00000004)
    __rt_lib_shutdown_user_alloc_1           0x000002ff   Thumb Code     0  libshutdown2.o(.ARM.Collect$$libshutdown$$0000000C)
    __rt_entry                               0x00000301   Thumb Code     0  __rtentry.o(.ARM.Collect$$rtentry$$00000000)
    __rt_entry_presh_1                       0x00000301   Thumb Code     0  __rtentry2.o(.ARM.Collect$$rtentry$$00000002)
    __rt_entry_sh                            0x00000301   Thumb Code     0  __rtentry4.o(.ARM.Collect$$rtentry$$00000004)
    __rt_entry_li                            0x00000307   Thumb Code     0  __rtentry2.o(.ARM.Collect$$rtentry$$0000000A)
    __rt_entry_postsh_1                      0x00000307   Thumb Code     0  __rtentry2.o(.ARM.Collect$$rtentry$$00000009)
    __rt_entry_main                          0x0000030b   Thumb Code     0  __rtentry2.o(.ARM.Collect$$rtentry$$0000000D)
    __rt_entry_postli_1                      0x0000030b   Thumb Code     0  __rtentry2.o(.ARM.Collect$$rtentry$$0000000C)
    __rt_exit                                0x00000313   Thumb Code     0  rtexit.o(.ARM.Collect$$rtexit$$00000000)
    __rt_exit_ls                             0x00000315   Thumb Code     0  rtexit2.o(.ARM.Collect$$rtexit$$00000003)
    __rt_exit_prels_1                        0x00000315   Thumb Code     0  rtexit2.o(.ARM.Collect$$rtexit$$00000002)
    __rt_exit_exit                           0x00000319   Thumb Code     0  rtexit2.o(.ARM.Collect$$rtexit$$00000004)
    DisableInterrupts                        0x00000321   Thumb Code     0  startup.o(.text)
    EnableInterrupts                         0x00000325   Thumb Code     0  startup.o(.text)
    StartCritical                            0x00000329   Thumb Code     0  startup.o(.text)
    EndCritical                              0x00000331   Thumb Code     0  startup.o(.text)
    WaitForInterrupt                         0x00000337   Thumb Code     0  startup.o(.text)
    __user_initial_stackheap                 0x0000033b   Thumb Code     0  startup.o(.text)
    Random_Init                              0x00000351   Thumb Code     0  random.o(.text)
    Random32                                 0x00000357   Thumb Code     2  random.o(.text)
    Random                                   0x00000369   Thumb Code     2  random.o(.text)
    writecommand                             0x0000038d   Thumb Code     0  lcd.o(.text)
    writedata                                0x000003b7   Thumb Code     0  lcd.o(.text)
    LCD_OutDec                               0x000003dd   Thumb Code     0  print.o(.text)
    LCD_OutFix                               0x00000575   Thumb Code     0  print.o(.text)
    __use_two_region_memory                  0x00000645   Thumb Code     2  heapauxi.o(.text)
    __rt_heap_escrow$2region                 0x00000647   Thumb Code     2  heapauxi.o(.text)
    __rt_heap_expand$2region                 0x00000649   Thumb Code     2  heapauxi.o(.text)
    __user_setup_stackheap                   0x0000064b   Thumb Code    74  sys_stackheap_outer.o(.text)
    exit                                     0x00000695   Thumb Code    18  exit.o(.text)
    __user_libspace                          0x000006a9   Thumb Code     8  libspace.o(.text)
    __user_perproc_libspace                  0x000006a9   Thumb Code     0  libspace.o(.text)
    __user_perthread_libspace                0x000006a9   Thumb Code     0  libspace.o(.text)
    _sys_exit                                0x000006b1   Thumb Code     8  sys_exit.o(.text)
    __I$use$semihosting                      0x000006bd   Thumb Code     0  use_no_semi.o(.text)
    __use_no_semihosting_swi                 0x000006bd   Thumb Code     2  use_no_semi.o(.text)
    __semihosting_library_function           0x000006bf   Thumb Code     0  indicate_semi.o(.text)
    ADC_In                                   0x000006c1   Thumb Code    40  adc.o(i.ADC_In)
    ADC_Init                                 0x000006ed   Thumb Code   234  adc.o(i.ADC_Init)
    BunkerEnemyHitReg                        0x000007ed   Thumb Code   232  game.o(i.BunkerEnemyHitReg)
    BunkerPlayerHitReg                       0x000008e5   Thumb Code   206  game.o(i.BunkerPlayerHitReg)
    Button0Press                             0x000009c5   Thumb Code     6  button.o(i.Button0Press)
    Button1Press                             0x000009d1   Thumb Code     6  button1.o(i.Button1Press)
    DAC_Init                                 0x000009dd   Thumb Code    88  dac.o(i.DAC_Init)
    DAC_Out                                  0x00000a41   Thumb Code     6  dac.o(i.DAC_Out)
    Delay1ms                                 0x00000a4d   Thumb Code    32  st7735.o(i.Delay1ms)
    Draw                                     0x00000a6d   Thumb Code    24  game.o(i.Draw)
    DrawBunker                               0x00000a85   Thumb Code   130  game.o(i.DrawBunker)
    DrawControlsScreen                       0x00000b11   Thumb Code   108  menu.o(i.DrawControlsScreen)
    DrawEnemy                                0x00000bed   Thumb Code   188  game.o(i.DrawEnemy)
    DrawEnemyLaser                           0x00000cb9   Thumb Code    76  game.o(i.DrawEnemyLaser)
    DrawGameOverScreen                       0x00000d09   Thumb Code    60  game.o(i.DrawGameOverScreen)
    DrawMenuScreen                           0x00000d69   Thumb Code    66  menu.o(i.DrawMenuScreen)
    DrawPauseScreen                          0x00000ded   Thumb Code    66  game.o(i.DrawPauseScreen)
    DrawPlayer                               0x00000e6d   Thumb Code   100  game.o(i.DrawPlayer)
    DrawPlayerLaser                          0x00000edd   Thumb Code    76  game.o(i.DrawPlayerLaser)
    DrawVictoryScreen                        0x00000f2d   Thumb Code    78  game.o(i.DrawVictoryScreen)
    EdgeCounterA_Init                        0x00000f9d   Thumb Code   192  button1.o(i.EdgeCounterA_Init)
    EdgeCounter_Init                         0x00001071   Thumb Code   194  button.o(i.EdgeCounter_Init)
    EnemyFire                                0x00001149   Thumb Code   180  game.o(i.EnemyFire)
    EnemyHitReg                              0x00001211   Thumb Code   318  game.o(i.EnemyHitReg)
    EnemyLaserMove                           0x0000136d   Thumb Code   156  game.o(i.EnemyLaserMove)
    EnemyMoveDown                            0x00001415   Thumb Code    74  game.o(i.EnemyMoveDown)
    EnemyMoveLeft                            0x0000146d   Thumb Code    36  game.o(i.EnemyMoveLeft)
    EnemyMoveRight                           0x00001495   Thumb Code    36  game.o(i.EnemyMoveRight)
    EnemyMovement                            0x000014bd   Thumb Code   134  game.o(i.EnemyMovement)
    GPIOPortA_Handler                        0x00001551   Thumb Code    20  button1.o(i.GPIOPortA_Handler)
    GPIOPortF_Handler                        0x0000156d   Thumb Code    26  button.o(i.GPIOPortF_Handler)
    GameOver                                 0x00001591   Thumb Code    14  game.o(i.GameOver)
    GetGameStatus                            0x000015a5   Thumb Code     6  game.o(i.GetGameStatus)
    GetStatus                                0x000015b1   Thumb Code     6  menu.o(i.GetStatus)
    HitReg                                   0x000015bd   Thumb Code    20  game.o(i.HitReg)
    Menu                                     0x000015d1   Thumb Code    64  menu.o(i.Menu)
    Movement                                 0x00001615   Thumb Code    16  game.o(i.Movement)
    Output_Init                              0x00001625   Thumb Code    16  st7735.o(i.Output_Init)
    PLL_Init                                 0x00001635   Thumb Code   120  pll.o(i.PLL_Init)
    Pause                                    0x000016b1   Thumb Code    56  game.o(i.Pause)
    PlayerFire                               0x000016f1   Thumb Code   106  game.o(i.PlayerFire)
    PlayerHitReg                             0x0000176d   Thumb Code   192  game.o(i.PlayerHitReg)
    PlayerLaserMove                          0x00001841   Thumb Code   138  game.o(i.PlayerLaserMove)
    PlayerXMove                              0x000018d9   Thumb Code   136  game.o(i.PlayerXMove)
    PortF_Init                               0x00001969   Thumb Code    86  spaceinvaders.o(i.PortF_Init)
    RandomNumber                             0x000019cd   Thumb Code    30  game.o(i.RandomNumber)
    ResetButton0                             0x000019ed   Thumb Code     6  button.o(i.ResetButton0)
    ResetButton1                             0x000019f9   Thumb Code     6  button1.o(i.ResetButton1)
    ST7735_DrawBitmap                        0x00001a05   Thumb Code   280  st7735.o(i.ST7735_DrawBitmap)
    ST7735_DrawCharS                         0x00001b25   Thumb Code   236  st7735.o(i.ST7735_DrawCharS)
    ST7735_DrawPixel                         0x00001c1d   Thumb Code    64  st7735.o(i.ST7735_DrawPixel)
    ST7735_DrawString                        0x00001c65   Thumb Code    86  st7735.o(i.ST7735_DrawString)
    ST7735_FillRect                          0x00001cbd   Thumb Code   164  st7735.o(i.ST7735_FillRect)
    ST7735_FillScreen                        0x00001d69   Thumb Code    28  st7735.o(i.ST7735_FillScreen)
    ST7735_InitR                             0x00001d8d   Thumb Code    90  st7735.o(i.ST7735_InitR)
    ST7735_OutChar                           0x00001e09   Thumb Code   176  st7735.o(i.ST7735_OutChar)
    ST7735_OutString                         0x00001edd   Thumb Code    24  st7735.o(i.ST7735_OutString)
    ST7735_SetCursor                         0x00001ef5   Thumb Code    22  st7735.o(i.ST7735_SetCursor)
    SoundPlayer                              0x00001f15   Thumb Code   110  sound.o(i.SoundPlayer)
    Sound_EnemyDestroyed                     0x00001f9d   Thumb Code    14  sound.o(i.Sound_EnemyDestroyed)
    Sound_Explosion                          0x00001fb1   Thumb Code    14  sound.o(i.Sound_Explosion)
    Sound_Init                               0x00001fc5   Thumb Code    32  sound.o(i.Sound_Init)
    Sound_Play                               0x00001ff5   Thumb Code    22  sound.o(i.Sound_Play)
    Sound_Shoot                              0x0000201d   Thumb Code    14  sound.o(i.Sound_Shoot)
    Sound_Victory                            0x00002031   Thumb Code    14  sound.o(i.Sound_Victory)
    SpaceInvader                             0x00002045   Thumb Code    24  game.o(i.SpaceInvader)
    SpaceInvader_Init                        0x0000205d   Thumb Code   480  game.o(i.SpaceInvader_Init)
    SysTick_Handler                          0x00002299   Thumb Code     2  systick.o(i.SysTick_Handler)
    SysTick_Init                             0x0000229d   Thumb Code    32  systick.o(i.SysTick_Init)
    Timer0A_Handler                          0x000022c1   Thumb Code    16  timer0.o(i.Timer0A_Handler)
    Timer0_Init                              0x000022d9   Thumb Code    74  timer0.o(i.Timer0_Init)
    Timer1A_Handler                          0x00002339   Thumb Code    24  timer1.o(i.Timer1A_Handler)
    Timer1_Init                              0x00002359   Thumb Code    74  timer1.o(i.Timer1_Init)
    Timer2A_Handler                          0x000023b9   Thumb Code    16  timer2.o(i.Timer2A_Handler)
    UpdateScore                              0x000023d1   Thumb Code    26  game.o(i.UpdateScore)
    Victory                                  0x000023f5   Thumb Code    14  game.o(i.Victory)
    main                                     0x000025ed   Thumb Code   128  spaceinvaders.o(i.main)
    shoot                                    0x000026fc   Data        4080  sound.o(.constdata)
    invaderkilled                            0x000036ec   Data        3377  sound.o(.constdata)
    explosion                                0x0000441d   Data        2000  sound.o(.constdata)
    highpitch                                0x00004bed   Data        3168  sound.o(.constdata)
    dBfs                                     0x00005e2f   Data         512  st7735.o(.constdata)
    PlayerShip                               0x00006030   Data         192  game.o(.constdata)
    BlackPlayer                              0x000060f0   Data         192  game.o(.constdata)
    SmallEnemy10pointA                       0x000061b0   Data         320  game.o(.constdata)
    SmallEnemy10pointB                       0x000062f0   Data         320  game.o(.constdata)
    SmallEnemy20pointA                       0x00006430   Data         320  game.o(.constdata)
    SmallEnemy20pointB                       0x00006570   Data         320  game.o(.constdata)
    SmallEnemy30pointA                       0x000066b0   Data         320  game.o(.constdata)
    SmallEnemy30pointB                       0x000067f0   Data         320  game.o(.constdata)
    BlackEnemy                               0x00006930   Data         320  game.o(.constdata)
    Explosion                                0x00006a70   Data         320  game.o(.constdata)
    Bunker2                                  0x00006bb0   Data         180  game.o(.constdata)
    Bunker1                                  0x00006c64   Data         180  game.o(.constdata)
    Bunker0                                  0x00006d18   Data         180  game.o(.constdata)
    BlackBunker                              0x00006dcc   Data         180  game.o(.constdata)
    PlayerLaser                              0x00006e80   Data          40  game.o(.constdata)
    EnemyLaser                               0x00006ea8   Data          40  game.o(.constdata)
    BlackLaser                               0x00006ed0   Data          40  game.o(.constdata)
    Region$$Table$$Base                      0x00006ef8   Number         0  anon$$obj.o(Region$$Table)
    Region$$Table$$Limit                     0x00006f18   Number         0  anon$$obj.o(Region$$Table)
    PeriodicTask0                            0x20000000   Data           4  timer0.o(.data)
    PeriodicTask1                            0x20000004   Data           4  timer1.o(.data)
    current                                  0x20000008   Data           4  sound.o(.data)
    Index                                    0x2000000c   Data           4  sound.o(.data)
    soundLength                              0x20000010   Data           4  sound.o(.data)
    soundFlag                                0x20000014   Data           4  sound.o(.data)
    soundType                                0x20000018   Data           4  sound.o(.data)
    StX                                      0x2000001c   Data           4  st7735.o(.data)
    StY                                      0x20000020   Data           4  st7735.o(.data)
    StTextColor                              0x20000024   Data           2  st7735.o(.data)
    Messageindex                             0x20000030   Data           4  st7735.o(.data)
    Ymax                                     0x20000034   Data           4  st7735.o(.data)
    Ymin                                     0x20000038   Data           4  st7735.o(.data)
    X                                        0x2000003c   Data           4  st7735.o(.data)
    Yrange                                   0x20000040   Data           4  st7735.o(.data)
    lastj                                    0x20000044   Data           4  st7735.o(.data)
    pressed0                                 0x20000048   Data           4  button.o(.data)
    gameOver                                 0x2000004c   Data           4  game.o(.data)
    gameSuccess                              0x20000050   Data           4  game.o(.data)
    score                                    0x20000054   Data           4  game.o(.data)
    playerLaserCount                         0x20000058   Data           4  game.o(.data)
    enemyLaserCount                          0x2000005c   Data           4  game.o(.data)
    enemiesAlive                             0x20000060   Data           4  game.o(.data)
    enemiesKilled                            0x20000064   Data           4  game.o(.data)
    enemyDelay                               0x20000068   Data           4  game.o(.data)
    frame                                    0x2000006c   Data           4  game.o(.data)
    enemyFireDelay                           0x20000070   Data           4  game.o(.data)
    horizontalCounter                        0x20000074   Data           4  game.o(.data)
    verticalCounter                          0x20000078   Data           4  game.o(.data)
    gameRunning                              0x2000007c   Data           4  game.o(.data)
    stage                                    0x20000080   Data           4  game.o(.data)
    pressed                                  0x20000084   Data           4  button1.o(.data)
    startFlag                                0x20000088   Data           4  menu.o(.data)
    PeriodicTask2                            0x2000008c   Data           4  timer2.o(.data)
    Player                                   0x20000094   Data          20  game.o(.bss)
    Enemies                                  0x200000a8   Data         504  game.o(.bss)
    Bunkers                                  0x200002a0   Data          84  game.o(.bss)
    PlayerLasers                             0x200002f4   Data          80  game.o(.bss)
    EnemyLasers                              0x20000344   Data          80  game.o(.bss)
    __libspace_start                         0x20000394   Data          96  libspace.o(.bss)
    __temporary_stack_top$libspace           0x200003f4   Data           0  libspace.o(.bss)



==============================================================================

Memory Map of the image

  Image Entry point : 0x0000026d

  Load Region LR_1 (Base: 0x00000000, Size: 0x00006fac, Max: 0xffffffff, ABSOLUTE)

    Execution Region ER_RO (Exec base: 0x00000000, Load base: 0x00000000, Size: 0x00006f18, Max: 0xffffffff, ABSOLUTE)

    Exec Addr    Load Addr    Size         Type   Attr      Idx    E Section Name        Object

    0x00000000   0x00000000   0x00000284   Code   RO            3  * RESET               startup.o
    0x00000284   0x00000284   0x00000008   Code   RO          890  * !!!main             c_w.l(__main.o)
    0x0000028c   0x0000028c   0x00000034   Code   RO         1047    !!!scatter          c_w.l(__scatter.o)
    0x000002c0   0x000002c0   0x0000001a   Code   RO         1049    !!handler_copy      c_w.l(__scatter_copy.o)
    0x000002da   0x000002da   0x00000002   PAD
    0x000002dc   0x000002dc   0x0000001c   Code   RO         1051    !!handler_zi        c_w.l(__scatter_zi.o)
    0x000002f8   0x000002f8   0x00000002   Code   RO          917    .ARM.Collect$$libinit$$00000000  c_w.l(libinit.o)
    0x000002fa   0x000002fa   0x00000000   Code   RO          924    .ARM.Collect$$libinit$$00000002  c_w.l(libinit2.o)
    0x000002fa   0x000002fa   0x00000000   Code   RO          926    .ARM.Collect$$libinit$$00000004  c_w.l(libinit2.o)
    0x000002fa   0x000002fa   0x00000000   Code   RO          929    .ARM.Collect$$libinit$$0000000A  c_w.l(libinit2.o)
    0x000002fa   0x000002fa   0x00000000   Code   RO          931    .ARM.Collect$$libinit$$0000000C  c_w.l(libinit2.o)
    0x000002fa   0x000002fa   0x00000000   Code   RO          933    .ARM.Collect$$libinit$$0000000E  c_w.l(libinit2.o)
    0x000002fa   0x000002fa   0x00000000   Code   RO          936    .ARM.Collect$$libinit$$00000011  c_w.l(libinit2.o)
    0x000002fa   0x000002fa   0x00000000   Code   RO          938    .ARM.Collect$$libinit$$00000013  c_w.l(libinit2.o)
    0x000002fa   0x000002fa   0x00000000   Code   RO          940    .ARM.Collect$$libinit$$00000015  c_w.l(libinit2.o)
    0x000002fa   0x000002fa   0x00000000   Code   RO          942    .ARM.Collect$$libinit$$00000017  c_w.l(libinit2.o)
    0x000002fa   0x000002fa   0x00000000   Code   RO          944    .ARM.Collect$$libinit$$00000019  c_w.l(libinit2.o)
    0x000002fa   0x000002fa   0x00000000   Code   RO          946    .ARM.Collect$$libinit$$0000001B  c_w.l(libinit2.o)
    0x000002fa   0x000002fa   0x00000000   Code   RO          948    .ARM.Collect$$libinit$$0000001D  c_w.l(libinit2.o)
    0x000002fa   0x000002fa   0x00000000   Code   RO          950    .ARM.Collect$$libinit$$0000001F  c_w.l(libinit2.o)
    0x000002fa   0x000002fa   0x00000000   Code   RO          952    .ARM.Collect$$libinit$$00000021  c_w.l(libinit2.o)
    0x000002fa   0x000002fa   0x00000000   Code   RO          954    .ARM.Collect$$libinit$$00000023  c_w.l(libinit2.o)
    0x000002fa   0x000002fa   0x00000000   Code   RO          956    .ARM.Collect$$libinit$$00000025  c_w.l(libinit2.o)
    0x000002fa   0x000002fa   0x00000000   Code   RO          960    .ARM.Collect$$libinit$$0000002C  c_w.l(libinit2.o)
    0x000002fa   0x000002fa   0x00000000   Code   RO          962    .ARM.Collect$$libinit$$0000002E  c_w.l(libinit2.o)
    0x000002fa   0x000002fa   0x00000000   Code   RO          964    .ARM.Collect$$libinit$$00000030  c_w.l(libinit2.o)
    0x000002fa   0x000002fa   0x00000000   Code   RO          966    .ARM.Collect$$libinit$$00000032  c_w.l(libinit2.o)
    0x000002fa   0x000002fa   0x00000002   Code   RO          967    .ARM.Collect$$libinit$$00000033  c_w.l(libinit2.o)
    0x000002fc   0x000002fc   0x00000002   Code   RO          987    .ARM.Collect$$libshutdown$$00000000  c_w.l(libshutdown.o)
    0x000002fe   0x000002fe   0x00000000   Code   RO         1000    .ARM.Collect$$libshutdown$$00000002  c_w.l(libshutdown2.o)
    0x000002fe   0x000002fe   0x00000000   Code   RO         1002    .ARM.Collect$$libshutdown$$00000004  c_w.l(libshutdown2.o)
    0x000002fe   0x000002fe   0x00000000   Code   RO         1005    .ARM.Collect$$libshutdown$$00000007  c_w.l(libshutdown2.o)
    0x000002fe   0x000002fe   0x00000000   Code   RO         1008    .ARM.Collect$$libshutdown$$0000000A  c_w.l(libshutdown2.o)
    0x000002fe   0x000002fe   0x00000000   Code   RO         1010    .ARM.Collect$$libshutdown$$0000000C  c_w.l(libshutdown2.o)
    0x000002fe   0x000002fe   0x00000000   Code   RO         1013    .ARM.Collect$$libshutdown$$0000000F  c_w.l(libshutdown2.o)
    0x000002fe   0x000002fe   0x00000002   Code   RO         1014    .ARM.Collect$$libshutdown$$00000010  c_w.l(libshutdown2.o)
    0x00000300   0x00000300   0x00000000   Code   RO          892    .ARM.Collect$$rtentry$$00000000  c_w.l(__rtentry.o)
    0x00000300   0x00000300   0x00000000   Code   RO          894    .ARM.Collect$$rtentry$$00000002  c_w.l(__rtentry2.o)
    0x00000300   0x00000300   0x00000006   Code   RO          906    .ARM.Collect$$rtentry$$00000004  c_w.l(__rtentry4.o)
    0x00000306   0x00000306   0x00000000   Code   RO          896    .ARM.Collect$$rtentry$$00000009  c_w.l(__rtentry2.o)
    0x00000306   0x00000306   0x00000004   Code   RO          897    .ARM.Collect$$rtentry$$0000000A  c_w.l(__rtentry2.o)
    0x0000030a   0x0000030a   0x00000000   Code   RO          899    .ARM.Collect$$rtentry$$0000000C  c_w.l(__rtentry2.o)
    0x0000030a   0x0000030a   0x00000008   Code   RO          900    .ARM.Collect$$rtentry$$0000000D  c_w.l(__rtentry2.o)
    0x00000312   0x00000312   0x00000002   Code   RO          921    .ARM.Collect$$rtexit$$00000000  c_w.l(rtexit.o)
    0x00000314   0x00000314   0x00000000   Code   RO          969    .ARM.Collect$$rtexit$$00000002  c_w.l(rtexit2.o)
    0x00000314   0x00000314   0x00000004   Code   RO          970    .ARM.Collect$$rtexit$$00000003  c_w.l(rtexit2.o)
    0x00000318   0x00000318   0x00000006   Code   RO          971    .ARM.Collect$$rtexit$$00000004  c_w.l(rtexit2.o)
    0x0000031e   0x0000031e   0x00000002   PAD
    0x00000320   0x00000320   0x00000030   Code   RO            4    .text               startup.o
    0x00000350   0x00000350   0x0000003c   Code   RO           13    .text               random.o
    0x0000038c   0x0000038c   0x00000050   Code   RO          171    .text               lcd.o
    0x000003dc   0x000003dc   0x00000268   Code   RO          174    .text               print.o
    0x00000644   0x00000644   0x00000006   Code   RO          888    .text               c_w.l(heapauxi.o)
    0x0000064a   0x0000064a   0x0000004a   Code   RO          908    .text               c_w.l(sys_stackheap_outer.o)
    0x00000694   0x00000694   0x00000012   Code   RO          910    .text               c_w.l(exit.o)
    0x000006a6   0x000006a6   0x00000002   PAD
    0x000006a8   0x000006a8   0x00000008   Code   RO          918    .text               c_w.l(libspace.o)
    0x000006b0   0x000006b0   0x0000000c   Code   RO          979    .text               c_w.l(sys_exit.o)
    0x000006bc   0x000006bc   0x00000002   Code   RO          990    .text               c_w.l(use_no_semi.o)
    0x000006be   0x000006be   0x00000000   Code   RO          992    .text               c_w.l(indicate_semi.o)
    0x000006be   0x000006be   0x00000002   PAD
    0x000006c0   0x000006c0   0x0000002c   Code   RO           41    i.ADC_In            adc.o
    0x000006ec   0x000006ec   0x00000100   Code   RO           42    i.ADC_Init          adc.o
    0x000007ec   0x000007ec   0x000000f8   Code   RO          539    i.BunkerEnemyHitReg  game.o
    0x000008e4   0x000008e4   0x000000e0   Code   RO          540    i.BunkerPlayerHitReg  game.o
    0x000009c4   0x000009c4   0x0000000c   Code   RO          506    i.Button0Press      button.o
    0x000009d0   0x000009d0   0x0000000c   Code   RO          781    i.Button1Press      button1.o
    0x000009dc   0x000009dc   0x00000064   Code   RO           16    i.DAC_Init          dac.o
    0x00000a40   0x00000a40   0x0000000c   Code   RO           17    i.DAC_Out           dac.o
    0x00000a4c   0x00000a4c   0x00000020   Code   RO          231    i.Delay1ms          st7735.o
    0x00000a6c   0x00000a6c   0x00000018   Code   RO          541    i.Draw              game.o
    0x00000a84   0x00000a84   0x0000008c   Code   RO          542    i.DrawBunker        game.o
    0x00000b10   0x00000b10   0x000000dc   Code   RO          814    i.DrawControlsScreen  menu.o
    0x00000bec   0x00000bec   0x000000cc   Code   RO          543    i.DrawEnemy         game.o
    0x00000cb8   0x00000cb8   0x00000050   Code   RO          544    i.DrawEnemyLaser    game.o
    0x00000d08   0x00000d08   0x00000060   Code   RO          545    i.DrawGameOverScreen  game.o
    0x00000d68   0x00000d68   0x00000084   Code   RO          815    i.DrawMenuScreen    menu.o
    0x00000dec   0x00000dec   0x00000080   Code   RO          546    i.DrawPauseScreen   game.o
    0x00000e6c   0x00000e6c   0x00000070   Code   RO          547    i.DrawPlayer        game.o
    0x00000edc   0x00000edc   0x00000050   Code   RO          548    i.DrawPlayerLaser   game.o
    0x00000f2c   0x00000f2c   0x00000070   Code   RO          549    i.DrawVictoryScreen  game.o
    0x00000f9c   0x00000f9c   0x000000d4   Code   RO          782    i.EdgeCounterA_Init  button1.o
    0x00001070   0x00001070   0x000000d8   Code   RO          507    i.EdgeCounter_Init  button.o
    0x00001148   0x00001148   0x000000c8   Code   RO          550    i.EnemyFire         game.o
    0x00001210   0x00001210   0x0000015c   Code   RO          551    i.EnemyHitReg       game.o
    0x0000136c   0x0000136c   0x000000a8   Code   RO          552    i.EnemyLaserMove    game.o
    0x00001414   0x00001414   0x00000058   Code   RO          553    i.EnemyMoveDown     game.o
    0x0000146c   0x0000146c   0x00000028   Code   RO          554    i.EnemyMoveLeft     game.o
    0x00001494   0x00001494   0x00000028   Code   RO          555    i.EnemyMoveRight    game.o
    0x000014bc   0x000014bc   0x00000094   Code   RO          556    i.EnemyMovement     game.o
    0x00001550   0x00001550   0x0000001c   Code   RO          783    i.GPIOPortA_Handler  button1.o
    0x0000156c   0x0000156c   0x00000024   Code   RO          508    i.GPIOPortF_Handler  button.o
    0x00001590   0x00001590   0x00000014   Code   RO          558    i.GameOver          game.o
    0x000015a4   0x000015a4   0x0000000c   Code   RO          559    i.GetGameStatus     game.o
    0x000015b0   0x000015b0   0x0000000c   Code   RO          816    i.GetStatus         menu.o
    0x000015bc   0x000015bc   0x00000014   Code   RO          560    i.HitReg            game.o
    0x000015d0   0x000015d0   0x00000044   Code   RO          817    i.Menu              menu.o
    0x00001614   0x00001614   0x00000010   Code   RO          562    i.Movement          game.o
    0x00001624   0x00001624   0x00000010   Code   RO          234    i.Output_Init       st7735.o
    0x00001634   0x00001634   0x0000007c   Code   RO          494    i.PLL_Init          pll.o
    0x000016b0   0x000016b0   0x00000040   Code   RO          563    i.Pause             game.o
    0x000016f0   0x000016f0   0x0000007c   Code   RO          564    i.PlayerFire        game.o
    0x0000176c   0x0000176c   0x000000d4   Code   RO          565    i.PlayerHitReg      game.o
    0x00001840   0x00001840   0x00000098   Code   RO          566    i.PlayerLaserMove   game.o
    0x000018d8   0x000018d8   0x00000090   Code   RO          567    i.PlayerXMove       game.o
    0x00001968   0x00001968   0x00000064   Code   RO          178    i.PortF_Init        spaceinvaders.o
    0x000019cc   0x000019cc   0x0000001e   Code   RO          568    i.RandomNumber      game.o
    0x000019ea   0x000019ea   0x00000002   PAD
    0x000019ec   0x000019ec   0x0000000c   Code   RO          509    i.ResetButton0      button.o
    0x000019f8   0x000019f8   0x0000000c   Code   RO          784    i.ResetButton1      button1.o
    0x00001a04   0x00001a04   0x00000120   Code   RO          238    i.ST7735_DrawBitmap  st7735.o
    0x00001b24   0x00001b24   0x000000f8   Code   RO          240    i.ST7735_DrawCharS  st7735.o
    0x00001c1c   0x00001c1c   0x00000048   Code   RO          243    i.ST7735_DrawPixel  st7735.o
    0x00001c64   0x00001c64   0x00000056   Code   RO          244    i.ST7735_DrawString  st7735.o
    0x00001cba   0x00001cba   0x00000002   PAD
    0x00001cbc   0x00001cbc   0x000000ac   Code   RO          245    i.ST7735_FillRect   st7735.o
    0x00001d68   0x00001d68   0x00000024   Code   RO          246    i.ST7735_FillScreen  st7735.o
    0x00001d8c   0x00001d8c   0x0000007c   Code   RO          248    i.ST7735_InitR      st7735.o
    0x00001e08   0x00001e08   0x000000d4   Code   RO          250    i.ST7735_OutChar    st7735.o
    0x00001edc   0x00001edc   0x00000018   Code   RO          251    i.ST7735_OutString  st7735.o
    0x00001ef4   0x00001ef4   0x00000020   Code   RO          261    i.ST7735_SetCursor  st7735.o
    0x00001f14   0x00001f14   0x00000088   Code   RO          110    i.SoundPlayer       sound.o
    0x00001f9c   0x00001f9c   0x00000014   Code   RO          111    i.Sound_EnemyDestroyed  sound.o
    0x00001fb0   0x00001fb0   0x00000014   Code   RO          112    i.Sound_Explosion   sound.o
    0x00001fc4   0x00001fc4   0x00000030   Code   RO          113    i.Sound_Init        sound.o
    0x00001ff4   0x00001ff4   0x00000028   Code   RO          114    i.Sound_Play        sound.o
    0x0000201c   0x0000201c   0x00000014   Code   RO          115    i.Sound_Shoot       sound.o
    0x00002030   0x00002030   0x00000014   Code   RO          116    i.Sound_Victory     sound.o
    0x00002044   0x00002044   0x00000018   Code   RO          570    i.SpaceInvader      game.o
    0x0000205c   0x0000205c   0x0000023c   Code   RO          571    i.SpaceInvader_Init  game.o
    0x00002298   0x00002298   0x00000002   Code   RO          763    i.SysTick_Handler   systick.o
    0x0000229a   0x0000229a   0x00000002   PAD
    0x0000229c   0x0000229c   0x00000024   Code   RO          764    i.SysTick_Init      systick.o
    0x000022c0   0x000022c0   0x00000018   Code   RO           65    i.Timer0A_Handler   timer0.o
    0x000022d8   0x000022d8   0x00000060   Code   RO           66    i.Timer0_Init       timer0.o
    0x00002338   0x00002338   0x00000020   Code   RO           86    i.Timer1A_Handler   timer1.o
    0x00002358   0x00002358   0x00000060   Code   RO           87    i.Timer1_Init       timer1.o
    0x000023b8   0x000023b8   0x00000018   Code   RO          866    i.Timer2A_Handler   timer2.o
    0x000023d0   0x000023d0   0x00000024   Code   RO          572    i.UpdateScore       game.o
    0x000023f4   0x000023f4   0x00000018   Code   RO          573    i.Victory           game.o
    0x0000240c   0x0000240c   0x00000056   Code   RO          265    i.commandList       st7735.o
    0x00002462   0x00002462   0x00000002   PAD
    0x00002464   0x00002464   0x00000188   Code   RO          266    i.commonInit        st7735.o
    0x000025ec   0x000025ec   0x00000088   Code   RO          179    i.main              spaceinvaders.o
    0x00002674   0x00002674   0x00000012   Code   RO          271    i.pushColor         st7735.o
    0x00002686   0x00002686   0x00000002   PAD
    0x00002688   0x00002688   0x00000074   Code   RO          272    i.setAddrWindow     st7735.o
    0x000026fc   0x000026fc   0x00003151   Data   RO          117    .constdata          sound.o
    0x0000584d   0x0000584d   0x000007e2   Data   RO          274    .constdata          st7735.o
    0x0000602f   0x0000602f   0x00000001   PAD
    0x00006030   0x00006030   0x00000ec8   Data   RO          575    .constdata          game.o
    0x00006ef8   0x00006ef8   0x00000020   Data   RO         1045    Region$$Table       anon$$obj.o


    Execution Region ER_RW (Exec base: 0x20000000, Load base: 0x00006f18, Size: 0x00000094, Max: 0xffffffff, ABSOLUTE)

    Exec Addr    Load Addr    Size         Type   Attr      Idx    E Section Name        Object

    0x20000000   0x00006f18   0x00000004   Data   RW           67    .data               timer0.o
    0x20000004   0x00006f1c   0x00000004   Data   RW           88    .data               timer1.o
    0x20000008   0x00006f20   0x00000014   Data   RW          118    .data               sound.o
    0x2000001c   0x00006f34   0x0000002c   Data   RW          275    .data               st7735.o
    0x20000048   0x00006f60   0x00000004   Data   RW          510    .data               button.o
    0x2000004c   0x00006f64   0x00000038   Data   RW          576    .data               game.o
    0x20000084   0x00006f9c   0x00000004   Data   RW          785    .data               button1.o
    0x20000088   0x00006fa0   0x00000004   Data   RW          818    .data               menu.o
    0x2000008c   0x00006fa4   0x00000004   Data   RW          867    .data               timer2.o
    0x20000090   0x00006fa8   0x00000004   Data   RW           12    DATA                random.o


    Execution Region ER_ZI (Exec base: 0x20000094, Load base: 0x00006fac, Size: 0x00000764, Max: 0xffffffff, ABSOLUTE)

    Exec Addr    Load Addr    Size         Type   Attr      Idx    E Section Name        Object

    0x20000094        -       0x00000300   Zero   RW          574    .bss                game.o
    0x20000394        -       0x00000060   Zero   RW          919    .bss                c_w.l(libspace.o)
    0x200003f4   0x00006fac   0x00000004   PAD
    0x200003f8        -       0x00000000   Zero   RW            2    HEAP                startup.o
    0x200003f8        -       0x00000400   Zero   RW            1    STACK               startup.o


==============================================================================

Image component sizes


      Code (inc. data)   RO Data    RW Data    ZI Data      Debug   Object Name

       300         26          0          0          0       1272   adc.o
       276         44          0          4          0       2012   button.o
       264         40          0          4          0       1996   button1.o
       112         18          0          0          0       5333   dac.o
      3930        502       3784         56        768      18922   game.o
        80         12          0          0          0        252   lcd.o
       432        188          0          4          0       2073   menu.o
       124          4          0          0          0        459   pll.o
       616         20          0          0          0        404   print.o
        60         14          0          4          0        252   random.o
       304         84      12625         20          0       4207   sound.o
       236         22          0          0          0       1572   spaceinvaders.o
      1954        184       2018         44          0      13372   st7735.o
       692        632          0          0       1024       1004   startup.o
        38          4          0          0          0        837   systick.o
       120         30          0          4          0       1472   timer0.o
       128         30          0          4          0       1504   timer1.o
        24          8          0          4          0        962   timer2.o

    ----------------------------------------------------------------------
      9700       1862      18460        148       1792      57905   Object Totals
         0          0         32          0          0          0   (incl. Generated)
        10          0          1          0          0          0   (incl. Padding)

    ----------------------------------------------------------------------

      Code (inc. data)   RO Data    RW Data    ZI Data      Debug   Library Member Name

         8          0          0          0          0         68   __main.o
         0          0          0          0          0          0   __rtentry.o
        12          0          0          0          0          0   __rtentry2.o
         6          0          0          0          0          0   __rtentry4.o
        52          8          0          0          0          0   __scatter.o
        26          0          0          0          0          0   __scatter_copy.o
        28          0          0          0          0          0   __scatter_zi.o
        18          0          0          0          0         80   exit.o
         6          0          0          0          0        152   heapauxi.o
         0          0          0          0          0          0   indicate_semi.o
         2          0          0          0          0          0   libinit.o
         2          0          0          0          0          0   libinit2.o
         2          0          0          0          0          0   libshutdown.o
         2          0          0          0          0          0   libshutdown2.o
         8          4          0          0         96         68   libspace.o
         2          0          0          0          0          0   rtexit.o
        10          0          0          0          0          0   rtexit2.o
        12          4          0          0          0         68   sys_exit.o
        74          0          0          0          0         80   sys_stackheap_outer.o
         2          0          0          0          0         68   use_no_semi.o

    ----------------------------------------------------------------------
       280         16          0          0        100        584   Library Totals
         8          0          0          0          4          0   (incl. Padding)

    ----------------------------------------------------------------------

      Code (inc. data)   RO Data    RW Data    ZI Data      Debug   Library Name

       272         16          0          0         96        584   c_w.l

    ----------------------------------------------------------------------
       280         16          0          0        100        584   Library Totals

    ----------------------------------------------------------------------

==============================================================================


      Code (inc. data)   RO Data    RW Data    ZI Data      Debug   

      9980       1878      18460        148       1892      54429   Grand Totals
      9980       1878      18460        148       1892      54429   ELF Image Totals
      9980       1878      18460        148          0          0   ROM Totals

==============================================================================

    Total RO  Size (Code + RO Data)                28440 (  27.77kB)
    Total RW  Size (RW Data + ZI Data)              2040 (   1.99kB)
    Total ROM Size (Code + RO Data + RW Data)      28588 (  27.92kB)

==============================================================================

